Microchip MPLAB XC8 Compiler V1.40 ()

Linker command line:

-W-3 --edf=C:\Program Files (x86)\Microchip\xc8\v1.40\dat\en_msgs.txt -cs \
  -h+dist/default/production\democode.production.sym \
  --cmf=dist/default/production\democode.production.cmf -z -Q18F4620 \
  -oC:\Users\Alex\AppData\Local\Temp\sl68.2 \
  -Mdist/default/production/democode.production.map -E1 -ver=XC8 \
  -ASTACK=0BCh-0f7fh -pstack=STACK -ACODE=00h-0FFFFh -ACONST=00h-0FFFFh \
  -ASMALLCONST=01000h-010FFhx240 -AMEDIUMCONST=01000h-0FFFFh \
  -ACOMRAM=01h-07Fh -AABS1=00h-0F7Fh -ABIGRAM=01h-0F7Fh \
  -ARAM=080h-0FFh,0100h-01FFhx14,0F00h-0F7Fh -ABANK0=080h-0FFh \
  -ABANK1=0100h-01FFh -ABANK2=0200h-02FFh -ABANK3=0300h-03FFh \
  -ABANK4=0400h-04FFh -ABANK5=0500h-05FFh -ABANK6=0600h-06FFh \
  -ABANK7=0700h-07FFh -ABANK8=0800h-08FFh -ABANK9=0900h-09FFh \
  -ABANK10=0A00h-0AFFh -ABANK11=0B00h-0BFFh -ABANK12=0C00h-0CFFh \
  -ABANK13=0D00h-0DFFh -ABANK14=0E00h-0EFFh -ABANK15=0F00h-0F7Fh \
  -ASFR=0F80h-0FFFh -preset_vec=00h,intcode=08h,intcodelo,powerup,init \
  -pramtop=01000h -psmallconst=SMALLCONST -pmediumconst=MEDIUMCONST \
  -pconst=CONST -AFARRAM=00h-00h -ACONFIG=0300000h-030000Dh -pconfig=CONFIG \
  -AIDLOC=0200000h-0200007h -pidloc=IDLOC -AEEDATA=0F00000h-0F003FFh \
  -peeprom_data=EEDATA \
  -prdata=COMRAM,nvrram=COMRAM,nvbit=COMRAM,rbss=COMRAM,rbit=COMRAM \
  -pfarbss=FARRAM,fardata=FARRAM,nvFARRAM=FARRAM \
  -pintsave_regs=BIGRAM,bigbss=BIGRAM,bigdata=BIGRAM -pbss=RAM \
  -pidata=CODE,irdata=CODE,ibigdata=CODE,ifardata=CODE -prparam=COMRAM \
  C:\Users\Alex\AppData\Local\Temp\sl68.obj \
  dist/default/production\democode.production.obj 

Object code version is 3.11

Machine type is 18F4620

Call graph: (short form)




                Name                               Link     Load   Length Selector   Space Scale
C:\Users\Alex\AppData\Local\Temp\sl68.obj
                init                                  E        E        4        4       0
                reset_vec                             0        0        4        0       0
                idloc                            200000   200000        8   200000       0
                config                           300000   300000        E   300000       0
dist/default/production\democode.production.obj
                intcode                               8        8        6        4       0
                temp                                 5B       5B        1        1       1
                mediumconst                        FEE6     FEE6      11A     7F73       0
                intcode_body                        EE8      EE8       B2        4       0
                text43                             1266     1266       56        4       0
                text42                             172E     172E        C        4       0
                text41                             12BC     12BC       52        4       0
                text40                             14C6     14C6       42        4       0
                text39                             1614     1614       26        4       0
                text38                             163A     163A       1E        4       0
                text37                             1722     1722        C        4       0
                text36                              560      560      30C        4       0
                text35                              E26      E26       C2        4       0
                text34                             1142     1142       6A        4       0
                text33                             1438     1438       48        4       0
                text32                             15EE     15EE       26        4       0
                text31                             16EC     16EC       16        4       0
                text30                             1714     1714        E        4       0
                text29                             1658     1658       1C        4       0
                text28                              D60      D60       C6        4       0
                text27                              C9A      C9A       C6        4       0
                text26                             1572     1572       30        4       0
                text25                             1542     1542       30        4       0
                text24                             135C     135C       4C        4       0
                text23                             1702     1702       12        4       0
                text22                             15C8     15C8       26        4       0
                text21                             174C     174C        8        4       0
                text20                             1744     1744        8        4       0
                text19                             173A     173A        A        4       0
                text18                             103A     103A       86        4       0
                text17                              A1E      A1E      144        4       0
                text16                             16D4     16D4       18        4       0
                text15                             16BC     16BC       18        4       0
                text14                             16A4     16A4       18        4       0
                text13                             168C     168C       18        4       0
                text12                             1674     1674       18        4       0
                text11                              B62      B62      138        4       0
                text10                               12       12      54E        4       0
                text9                              13F0     13F0       48        4       0
                text8                              1508     1508       3A        4       0
                text7                              10C0     10C0       82        4       0
                text6                              120C     120C       5A        4       0
                text5                              1480     1480       46        4       0
                text4                               86C      86C      1B2        4       0
                text3                              11AC     11AC       60        4       0
                text2                              130E     130E       4E        4       0
                text1                              13A8     13A8       48        4       0
                text0                               F9A      F9A       A0        4       0
                cstackCOMRAM                          1        1       40        1       1
                cstackBANK0                          80       80       2E       80       1
                bssBANK0                             AE       AE        E       80       1
                bssCOMRAM                            41       41       1A        1       1
                cinit                              15A2     15A2       26        4       0

TOTAL           Name                               Link     Load   Length     Space
        CLASS   STACK          

        CLASS   CODE           
                intcode                               8        8        6         0
                init                                  E        E        4         0
                reset_vec                             0        0        4         0
                intcode_body                        EE8      EE8       B2         0
                text43                             1266     1266       56         0
                text42                             172E     172E        C         0
                text41                             12BC     12BC       52         0
                text40                             14C6     14C6       42         0
                text39                             1614     1614       26         0
                text38                             163A     163A       1E         0
                text37                             1722     1722        C         0
                text36                              560      560      30C         0
                text35                              E26      E26       C2         0
                text34                             1142     1142       6A         0
                text33                             1438     1438       48         0
                text32                             15EE     15EE       26         0
                text31                             16EC     16EC       16         0
                text30                             1714     1714        E         0
                text29                             1658     1658       1C         0
                text28                              D60      D60       C6         0
                text27                              C9A      C9A       C6         0
                text26                             1572     1572       30         0
                text25                             1542     1542       30         0
                text24                             135C     135C       4C         0
                text23                             1702     1702       12         0
                text22                             15C8     15C8       26         0
                text21                             174C     174C        8         0
                text20                             1744     1744        8         0
                text19                             173A     173A        A         0
                text18                             103A     103A       86         0
                text17                              A1E      A1E      144         0
                text16                             16D4     16D4       18         0
                text15                             16BC     16BC       18         0
                text14                             16A4     16A4       18         0
                text13                             168C     168C       18         0
                text12                             1674     1674       18         0
                text11                              B62      B62      138         0
                text10                               12       12      54E         0
                text9                              13F0     13F0       48         0
                text8                              1508     1508       3A         0
                text7                              10C0     10C0       82         0
                text6                              120C     120C       5A         0
                text5                              1480     1480       46         0
                text4                               86C      86C      1B2         0
                text3                              11AC     11AC       60         0
                text2                              130E     130E       4E         0
                text1                              13A8     13A8       48         0
                text0                               F9A      F9A       A0         0
                cinit                              15A2     15A2       26         0

        CLASS   CONST          

        CLASS   SMALLCONST     

        CLASS   MEDIUMCONST    
                mediumconst                        FEE6     FEE6      11A         0

        CLASS   COMRAM         
                temp                                 5B       5B        1         1
                cstackCOMRAM                          1        1       40         1
                bssCOMRAM                            41       41       1A         1

        CLASS   ABS1           

        CLASS   BIGRAM         

        CLASS   RAM            

        CLASS   BANK0          
                cstackBANK0                          80       80       2E         1
                bssBANK0                             AE       AE        E         1

        CLASS   BANK1          

        CLASS   BANK2          

        CLASS   BANK3          

        CLASS   BANK4          

        CLASS   BANK5          

        CLASS   BANK6          

        CLASS   BANK7          

        CLASS   BANK8          

        CLASS   BANK9          

        CLASS   BANK10         

        CLASS   BANK11         

        CLASS   BANK12         

        CLASS   BANK13         

        CLASS   BANK14         

        CLASS   BANK15         

        CLASS   SFR            

        CLASS   FARRAM         

        CLASS   CONFIG         
                config                           300000   300000        E         0

        CLASS   IDLOC          
                idloc                            200000   200000        8         0

        CLASS   EEDATA         



SEGMENTS        Name                           Load    Length   Top    Selector   Space  Class

                reset_vec                      000000  000004  000004         0       0  CODE    
                cstackCOMRAM                   000001  00005B  00005C         1       1  COMRAM  
                intcode                        000008  00174C  001754         4       0  CODE    
                cstackBANK0                    000080  00003C  0000BC        80       1  BANK0   
                mediumconst                    00FEE6  00011A  010000      7F73       0  MEDIUMCO
                idloc                          200000  000008  200008    200000       0  IDLOC   
                config                         300000  00000E  30000E    300000       0  CONFIG  


UNUSED ADDRESS RANGES

        Name                Unused          Largest block    Delta
        BANK0            0000BC-0000FF               44
        BANK1            000100-0001FF              100
        BANK10           000A00-000AFF              100
        BANK11           000B00-000BFF              100
        BANK12           000C00-000CFF              100
        BANK13           000D00-000DFF              100
        BANK14           000E00-000EFF              100
        BANK15           000F00-000F7F               80
        BANK2            000200-0002FF              100
        BANK3            000300-0003FF              100
        BANK4            000400-0004FF              100
        BANK5            000500-0005FF              100
        BANK6            000600-0006FF              100
        BANK7            000700-0007FF              100
        BANK8            000800-0008FF              100
        BANK9            000900-0009FF              100
        BIGRAM           00005C-00007F               24
                         0000BC-000F7F              EC4
        CODE             000004-000007                4
                         001754-00FEE5             E792
        COMRAM           00005C-00007F               24
        CONST            000004-000007                4
                         001754-00FEE5             E792
        EEDATA           F00000-F003FF              400
        MEDIUMCONST      001754-00FEE5             E792
        RAM              0000BC-000F7F              100
        SFR              000F80-000FFF               80
        SMALLCONST       001754-00FEE5              100
        STACK            0000BC-000F7F              EC4

                                  Symbol Table

?___lldiv                   cstackCOMRAM 000010
?___lwdiv                   cstackCOMRAM 000010
?___lwmod                   cstackCOMRAM 000017
?___wmul                    cstackCOMRAM 000010
?_get_timeDif               cstackCOMRAM 000018
?_printf                    cstackCOMRAM 00001C
?_readAlBot                 cstackCOMRAM 000010
?_readAlTop                 cstackCOMRAM 000010
?_readKey                   cstackCOMRAM 000010
?_readSnBot                 cstackCOMRAM 000010
?_readSnSensor              cstackCOMRAM 000010
?_readSnTop                 cstackCOMRAM 000010
?_servoRotateArm            cstackCOMRAM 000010
I2C_Master_Init@c           cstackCOMRAM 00001D
I2C_Master_Read@a           cstackCOMRAM 000011
I2C_Master_Read@temp        cstackCOMRAM 000012
I2C_Master_Write@d          cstackCOMRAM 000011
_ACKDT                      (abs)        007E2D
_ACKEN                      (abs)        007E2C
_ADCON0                     (abs)        000FC2
_ADCON1                     (abs)        000FC1
_CMCON                      (abs)        000FB4
_EEADR                      (abs)        000FA9
_EEADRH                     (abs)        000FAA
_EECON1bits                 (abs)        000FA6
_EECON2                     (abs)        000FA7
_EEDATA                     (abs)        000FA8
_I2C_Master_Init            text6        00120C
_I2C_Master_Read            text22       0015C8
_I2C_Master_Start           text21       00174C
_I2C_Master_Stop            text20       001744
_I2C_Master_Wait            text23       001702
_I2C_Master_Write           text19       00173A
_INT1IE                     (abs)        007F83
_INT1IF                     (abs)        007F80
_INTCONbits                 (abs)        000FF2
_LATA                       (abs)        000F89
_LATAbits                   (abs)        000F89
_LATB                       (abs)        000F8A
_LATBbits                   (abs)        000F8A
_LATC                       (abs)        000F8B
_LATCbits                   (abs)        000F8B
_LATD                       (abs)        000F8C
_LATDbits                   (abs)        000F8C
_LATE                       (abs)        000F8D
_LATEbits                   (abs)        000F8D
_OSCCON                     (abs)        000FD3
_PEN                        (abs)        007E2A
_PIR2bits                   (abs)        000FA1
_PORTAbits                  (abs)        000F80
_PORTB                      (abs)        000F81
_PORTBbits                  (abs)        000F81
_PORTCbits                  (abs)        000F82
_RCEN                       (abs)        007E2B
_RSEN                       (abs)        007E29
_SEN                        (abs)        007E28
_SSPADD                     (abs)        000FC8
_SSPBUF                     (abs)        000FC9
_SSPCON1                    (abs)        000FC6
_SSPCON2                    (abs)        000FC5
_SSPSTAT                    (abs)        000FC7
_TRISA                      (abs)        000F92
_TRISB                      (abs)        000F93
_TRISC                      (abs)        000F94
_TRISC3                     (abs)        007CA3
_TRISC4                     (abs)        007CA4
_TRISD                      (abs)        000F95
_TRISE                      (abs)        000F96
__CFG_BOREN$SBORDIS         (abs)        000000
__CFG_BORV$3                (abs)        000000
__CFG_CCP2MX$PORTC          (abs)        000000
__CFG_CP0$OFF               (abs)        000000
__CFG_CP1$OFF               (abs)        000000
__CFG_CP2$OFF               (abs)        000000
__CFG_CP3$OFF               (abs)        000000
__CFG_CPB$OFF               (abs)        000000
__CFG_CPD$OFF               (abs)        000000
__CFG_EBTR0$OFF             (abs)        000000
__CFG_EBTR1$OFF             (abs)        000000
__CFG_EBTR2$OFF             (abs)        000000
__CFG_EBTR3$OFF             (abs)        000000
__CFG_EBTRB$OFF             (abs)        000000
__CFG_FCMEN$OFF             (abs)        000000
__CFG_IESO$OFF              (abs)        000000
__CFG_LPT1OSC$OFF           (abs)        000000
__CFG_LVP$OFF               (abs)        000000
__CFG_MCLRE$ON              (abs)        000000
__CFG_OSC$HS                (abs)        000000
__CFG_PBADEN$ON             (abs)        000000
__CFG_PWRT$OFF              (abs)        000000
__CFG_STVREN$ON             (abs)        000000
__CFG_WDT$OFF               (abs)        000000
__CFG_WDTPS$32768           (abs)        000000
__CFG_WRT0$OFF              (abs)        000000
__CFG_WRT1$OFF              (abs)        000000
__CFG_WRT2$OFF              (abs)        000000
__CFG_WRT3$OFF              (abs)        000000
__CFG_WRTB$OFF              (abs)        000000
__CFG_WRTC$OFF              (abs)        000000
__CFG_WRTD$OFF              (abs)        000000
__CFG_XINST$OFF             (abs)        000000
__HRAM                      (abs)        000000
__Habs1                     abs1         000000
__Hbank0                    bank0        000000
__Hbank1                    bank1        000000
__Hbank10                   bank10       000000
__Hbank11                   bank11       000000
__Hbank12                   bank12       000000
__Hbank13                   bank13       000000
__Hbank14                   bank14       000000
__Hbank15                   bank15       000000
__Hbank2                    bank2        000000
__Hbank3                    bank3        000000
__Hbank4                    bank4        000000
__Hbank5                    bank5        000000
__Hbank6                    bank6        000000
__Hbank7                    bank7        000000
__Hbank8                    bank8        000000
__Hbank9                    bank9        000000
__Hbigbss                   bigbss       000000
__Hbigdata                  bigdata      000000
__Hbigram                   bigram       000000
__Hbss                      bss          000000
__HbssBANK0                 bssBANK0     000000
__HbssCOMRAM                bssCOMRAM    000000
__Hcinit                    cinit        000000
__Hclrtext                  clrtext      000000
__Hcomram                   comram       000000
__Hconfig                   config       30000E
__Hconst                    const        000000
__HcstackBANK0              cstackBANK0  000000
__HcstackCOMRAM             cstackCOMRAM 000000
__Hdata                     data         000000
__Heeprom_data              eeprom_data  000000
__Hfarbss                   farbss       000000
__Hfardata                  fardata      000000
__Hibigdata                 ibigdata     000000
__Hidata                    idata        000000
__Hidloc                    idloc        200008
__Hifardata                 ifardata     000000
__Hinit                     init         000012
__Hintcode                  intcode      00000E
__Hintcode_body             intcode_body 000000
__Hintcodelo                intcodelo    00000E
__Hintentry                 intentry     000000
__Hintret                   intret       000000
__Hintsave_regs             intsave_regs 000000
__Hirdata                   irdata       000000
__Hmediumconst              mediumconst  010000
__HnvFARRAM                 nvFARRAM     000000
__Hnvbit                    nvbit        000000
__Hnvrram                   nvrram       000000
__Hparam                    rparam       000000
__Hpowerup                  powerup      00000E
__Hram                      ram          000000
__Hramtop                   ramtop       001000
__Hrbit                     rbit         000000
__Hrbss                     rbss         000000
__Hrdata                    rdata        000000
__Hreset_vec                reset_vec    000004
__Hrparam                   rparam       000000
__Hsfr                      sfr          000000
__Hsmallconst               smallconst   000000
__Hspace_0                  (abs)        30000E
__Hspace_1                  (abs)        0000BC
__Hspace_2                  (abs)        000000
__Hstack                    stack        000000
__Hstruct                   struct       000000
__Htemp                     temp         00005C
__Htext                     text         000000
__Htext0                    text0        000000
__Htext1                    text1        000000
__Htext10                   text10       000000
__Htext11                   text11       000000
__Htext12                   text12       000000
__Htext13                   text13       000000
__Htext14                   text14       000000
__Htext15                   text15       000000
__Htext16                   text16       000000
__Htext17                   text17       000000
__Htext18                   text18       000000
__Htext19                   text19       000000
__Htext2                    text2        000000
__Htext20                   text20       000000
__Htext21                   text21       000000
__Htext22                   text22       000000
__Htext23                   text23       000000
__Htext24                   text24       000000
__Htext25                   text25       000000
__Htext26                   text26       000000
__Htext27                   text27       000000
__Htext28                   text28       000000
__Htext29                   text29       000000
__Htext3                    text3        000000
__Htext30                   text30       000000
__Htext31                   text31       000000
__Htext32                   text32       000000
__Htext33                   text33       000000
__Htext34                   text34       000000
__Htext35                   text35       000000
__Htext36                   text36       000000
__Htext37                   text37       000000
__Htext38                   text38       000000
__Htext39                   text39       000000
__Htext4                    text4        000000
__Htext40                   text40       000000
__Htext41                   text41       000000
__Htext42                   text42       000000
__Htext43                   text43       000000
__Htext5                    text5        000000
__Htext6                    text6        000000
__Htext7                    text7        000000
__Htext8                    text8        000000
__Htext9                    text9        000000
__LRAM                      (abs)        000001
__Labs1                     abs1         000000
__Lbank0                    bank0        000000
__Lbank1                    bank1        000000
__Lbank10                   bank10       000000
__Lbank11                   bank11       000000
__Lbank12                   bank12       000000
__Lbank13                   bank13       000000
__Lbank14                   bank14       000000
__Lbank15                   bank15       000000
__Lbank2                    bank2        000000
__Lbank3                    bank3        000000
__Lbank4                    bank4        000000
__Lbank5                    bank5        000000
__Lbank6                    bank6        000000
__Lbank7                    bank7        000000
__Lbank8                    bank8        000000
__Lbank9                    bank9        000000
__Lbigbss                   bigbss       000000
__Lbigdata                  bigdata      000000
__Lbigram                   bigram       000000
__Lbss                      bss          000000
__LbssBANK0                 bssBANK0     000000
__LbssCOMRAM                bssCOMRAM    000000
__Lcinit                    cinit        000000
__Lclrtext                  clrtext      000000
__Lcomram                   comram       000000
__Lconfig                   config       300000
__Lconst                    const        000000
__LcstackBANK0              cstackBANK0  000000
__LcstackCOMRAM             cstackCOMRAM 000000
__Ldata                     data         000000
__Leeprom_data              eeprom_data  000000
__Lfarbss                   farbss       000000
__Lfardata                  fardata      000000
__Libigdata                 ibigdata     000000
__Lidata                    idata        000000
__Lidloc                    idloc        200000
__Lifardata                 ifardata     000000
__Linit                     init         00000E
__Lintcode                  intcode      000008
__Lintcode_body             intcode_body 000000
__Lintcodelo                intcodelo    00000E
__Lintentry                 intentry     000000
__Lintret                   intret       000000
__Lintsave_regs             intsave_regs 000000
__Lirdata                   irdata       000000
__Lmediumconst              mediumconst  00FEE6
__LnvFARRAM                 nvFARRAM     000000
__Lnvbit                    nvbit        000000
__Lnvrram                   nvrram       000000
__Lparam                    rparam       000000
__Lpowerup                  powerup      00000E
__Lram                      ram          000000
__Lramtop                   ramtop       001000
__Lrbit                     rbit         000000
__Lrbss                     rbss         000000
__Lrdata                    rdata        000000
__Lreset_vec                reset_vec    000000
__Lrparam                   rparam       000000
__Lsfr                      sfr          000000
__Lsmallconst               smallconst   000000
__Lspace_0                  (abs)        000000
__Lspace_1                  (abs)        000000
__Lspace_2                  (abs)        000000
__Lstack                    stack        000000
__Lstruct                   struct       000000
__Ltemp                     temp         00005B
__Ltext                     text         000000
__Ltext0                    text0        000000
__Ltext1                    text1        000000
__Ltext10                   text10       000000
__Ltext11                   text11       000000
__Ltext12                   text12       000000
__Ltext13                   text13       000000
__Ltext14                   text14       000000
__Ltext15                   text15       000000
__Ltext16                   text16       000000
__Ltext17                   text17       000000
__Ltext18                   text18       000000
__Ltext19                   text19       000000
__Ltext2                    text2        000000
__Ltext20                   text20       000000
__Ltext21                   text21       000000
__Ltext22                   text22       000000
__Ltext23                   text23       000000
__Ltext24                   text24       000000
__Ltext25                   text25       000000
__Ltext26                   text26       000000
__Ltext27                   text27       000000
__Ltext28                   text28       000000
__Ltext29                   text29       000000
__Ltext3                    text3        000000
__Ltext30                   text30       000000
__Ltext31                   text31       000000
__Ltext32                   text32       000000
__Ltext33                   text33       000000
__Ltext34                   text34       000000
__Ltext35                   text35       000000
__Ltext36                   text36       000000
__Ltext37                   text37       000000
__Ltext38                   text38       000000
__Ltext39                   text39       000000
__Ltext4                    text4        000000
__Ltext40                   text40       000000
__Ltext41                   text41       000000
__Ltext42                   text42       000000
__Ltext43                   text43       000000
__Ltext5                    text5        000000
__Ltext6                    text6        000000
__Ltext7                    text7        000000
__Ltext8                    text8        000000
__Ltext9                    text9        000000
__S0                        (abs)        30000E
__S1                        (abs)        0000BC
__S2                        (abs)        000000
___inthi_sp                 stack        000000
___intlo_sp                 stack        000000
___lldiv                    text7        0010C0
___lldiv@counter            cstackCOMRAM 00001C
___lldiv@dividend           cstackCOMRAM 000010
___lldiv@divisor            cstackCOMRAM 000014
___lldiv@quotient           cstackCOMRAM 000018
___lwdiv                    text41       0012BC
___lwdiv@counter            cstackCOMRAM 000014
___lwdiv@dividend           cstackCOMRAM 000010
___lwdiv@divisor            cstackCOMRAM 000012
___lwdiv@quotient           cstackCOMRAM 000015
___lwmod                    text40       0014C6
___lwmod@counter            cstackCOMRAM 00001B
___lwmod@dividend           cstackCOMRAM 000017
___lwmod@divisor            cstackCOMRAM 000019
___param_bank               (abs)        000000
___rparam_used              (abs)        000001
___sp                       stack        000000
___wmul                     text39       001614
___wmul@multiplicand        cstackCOMRAM 000012
___wmul@multiplier          cstackCOMRAM 000010
___wmul@product             cstackCOMRAM 000014
__accesstop                 (abs)        000080
__activetblptr              (abs)        000002
__end_of_I2C_Master_Init    text6        001266
__end_of_I2C_Master_Read    text22       0015EE
__end_of_I2C_Master_Start   text21       001754
__end_of_I2C_Master_Stop    text20       00174C
__end_of_I2C_Master_Wait    text23       001714
__end_of_I2C_Master_Write   text19       001744
__end_of___lldiv            text7        001142
__end_of___lwdiv            text41       00130E
__end_of___lwmod            text40       001508
__end_of___wmul             text39       00163A
__end_of__initialization    cinit        0015BA
__end_of_debugState         text33       001480
__end_of_dispenseAlCan      text26       0015A2
__end_of_dispenseSnCan      text25       001572
__end_of_dpowers            mediumconst  00FF02
__end_of_eeprom_GetLog      text3        00120C
__end_of_eeprom_LogResult   text24       0013A8
__end_of_eeprom_ReadByte    text31       001702
__end_of_eeprom_WriteByte   text32       001614
__end_of_eeprom_initialize  text29       001674
__end_of_executingState     text10       000560
__end_of_finishState        text8        001542
__end_of_fixLCD             text4        000A1E
__end_of_get_time           text18       0010C0
__end_of_get_timeDif        text17       000B62
__end_of_hexpowers          mediumconst  00FF0A
__end_of_initLCD            text5        0014C6
__end_of_isdigit            text38       001658
__end_of_keypressed         intcode_body 000F9A
__end_of_keys               mediumconst  00FEF8
__end_of_lcdInst            text42       00173A
__end_of_lcdNibble          text43       0012BC
__end_of_logState           text2        00135C
__end_of_main               text0        00103A
__end_of_mainState          text1        0013F0
__end_of_newestAddress      text30       001722
__end_of_printf             text36       00086C
__end_of_putch              text37       00172E
__end_of_readAlBot          text16       0016EC
__end_of_readAlTop          text15       0016D4
__end_of_readKey            text9        001438
__end_of_readSnBot          text14       0016BC
__end_of_readSnSensor       text13       0016A4
__end_of_readSnTop          text12       00168C
__end_of_servoRotate0       text28       000E26
__end_of_servoRotate90      text27       000D60
__end_of_servoRotate90n     text35       000EE8
__end_of_servoRotateArm     text34       0011AC
__end_of_statictime         mediumconst  00FF11
__end_of_update_lcd         text11       000C9A
__initialization            cinit        0015A2
__mediumconst               mediumconst  00FEE6
__pbssBANK0                 bssBANK0     0000AE
__pbssCOMRAM                bssCOMRAM    000041
__pcinit                    cinit        0015A2
__pcstackBANK0              cstackBANK0  000080
__pcstackCOMRAM             cstackCOMRAM 000001
__pintcode                  intcode      000008
__pintcode_body             intcode_body 000EE8
__pmediumconst              mediumconst  00FEE6
__ptext0                    text0        000F9A
__ptext1                    text1        0013A8
__ptext10                   text10       000012
__ptext11                   text11       000B62
__ptext12                   text12       001674
__ptext13                   text13       00168C
__ptext14                   text14       0016A4
__ptext15                   text15       0016BC
__ptext16                   text16       0016D4
__ptext17                   text17       000A1E
__ptext18                   text18       00103A
__ptext19                   text19       00173A
__ptext2                    text2        00130E
__ptext20                   text20       001744
__ptext21                   text21       00174C
__ptext22                   text22       0015C8
__ptext23                   text23       001702
__ptext24                   text24       00135C
__ptext25                   text25       001542
__ptext26                   text26       001572
__ptext27                   text27       000C9A
__ptext28                   text28       000D60
__ptext29                   text29       001658
__ptext3                    text3        0011AC
__ptext30                   text30       001714
__ptext31                   text31       0016EC
__ptext32                   text32       0015EE
__ptext33                   text33       001438
__ptext34                   text34       001142
__ptext35                   text35       000E26
__ptext36                   text36       000560
__ptext37                   text37       001722
__ptext38                   text38       00163A
__ptext39                   text39       001614
__ptext4                    text4        00086C
__ptext40                   text40       0014C6
__ptext41                   text41       0012BC
__ptext42                   text42       00172E
__ptext43                   text43       001266
__ptext5                    text5        001480
__ptext6                    text6        00120C
__ptext7                    text7        0010C0
__ptext8                    text8        001508
__ptext9                    text9        0013F0
__ramtop                    ramtop       001000
__size_of_I2C_Master_Init   (abs)        000000
__size_of_I2C_Master_Read   (abs)        000000
__size_of_I2C_Master_Start  (abs)        000000
__size_of_I2C_Master_Stop   (abs)        000000
__size_of_I2C_Master_Wait   (abs)        000000
__size_of_I2C_Master_Write  (abs)        000000
__size_of___lldiv           (abs)        000000
__size_of___lwdiv           (abs)        000000
__size_of___lwmod           (abs)        000000
__size_of___wmul            (abs)        000000
__size_of_debugState        (abs)        000000
__size_of_dispenseAlCan     (abs)        000000
__size_of_dispenseSnCan     (abs)        000000
__size_of_eeprom_GetLog     (abs)        000000
__size_of_eeprom_LogResult  (abs)        000000
__size_of_eeprom_ReadByte   (abs)        000000
__size_of_eeprom_WriteByte  (abs)        000000
__size_of_eeprom_initialize (abs)        000000
__size_of_executingState    (abs)        000000
__size_of_finishState       (abs)        000000
__size_of_fixLCD            (abs)        000000
__size_of_get_time          (abs)        000000
__size_of_get_timeDif       (abs)        000000
__size_of_initLCD           (abs)        000000
__size_of_isdigit           (abs)        000000
__size_of_keypressed        (abs)        000000
__size_of_lcdInst           (abs)        000000
__size_of_lcdNibble         (abs)        000000
__size_of_logState          (abs)        000000
__size_of_main              (abs)        000000
__size_of_mainState         (abs)        000000
__size_of_newestAddress     (abs)        000000
__size_of_printf            (abs)        000000
__size_of_putch             (abs)        000000
__size_of_readAlBot         (abs)        000000
__size_of_readAlTop         (abs)        000000
__size_of_readKey           (abs)        000000
__size_of_readSnBot         (abs)        000000
__size_of_readSnSensor      (abs)        000000
__size_of_readSnTop         (abs)        000000
__size_of_servoRotate0      (abs)        000000
__size_of_servoRotate90     (abs)        000000
__size_of_servoRotate90n    (abs)        000000
__size_of_servoRotateArm    (abs)        000000
__size_of_update_lcd        (abs)        000000
__smallconst                smallconst   000000
_alNoTab                    bssCOMRAM    000041
_alTab                      bssCOMRAM    000043
_debugState                 text33       001438
_dispenseAlCan              text26       001572
_dispenseSnCan              text25       001542
_dpowers                    mediumconst  00FEF8
_eeprom_GetLog              text3        0011AC
_eeprom_LogResult           text24       00135C
_eeprom_ReadByte            text31       0016EC
_eeprom_WriteByte           text32       0015EE
_eeprom_initialize          text29       001658
_executingState             text10       000012
_executingState$1732        cstackBANK0  000090
_executingState$1733        cstackBANK0  000092
_finishState                text8        001508
_fixLCD                     text4        00086C
_get_time                   text18       00103A
_get_timeDif                text17       000A1E
_get_timeDif$1730           cstackCOMRAM 00002B
_get_timeDif$1731           cstackCOMRAM 00002D
_hexpowers                  mediumconst  00FF02
_initLCD                    text5        001480
_isdigit                    text38       00163A
_isdigit$1336               cstackCOMRAM 000011
_keypressed                 intcode      000008
_keys                       mediumconst  00FEE7
_lcdInst                    text42       00172E
_lcdNibble                  text43       001266
_logState                   text2        00130E
_logdata                    bssCOMRAM    00005A
_main                       text0        000F9A
_mainState                  text1        0013A8
_newestAddress              text30       001714
_printf                     text36       000560
_putch                      text37       001722
_readAlBot                  text16       0016D4
_readAlTop                  text15       0016BC
_readKey                    text9        0013F0
_readSnBot                  text14       0016A4
_readSnSensor               text13       00168C
_readSnTop                  text12       001674
_runResult                  bssCOMRAM    000045
_servoRotate0               text28       000D60
_servoRotate90              text27       000C9A
_servoRotate90n             text35       000E26
_servoRotateArm             text34       001142
_snLabel                    bssCOMRAM    000047
_snNoLabel                  bssCOMRAM    000049
_starttime                  bssBANK0     0000AE
_state                      bssCOMRAM    00004B
_statictime                 mediumconst  00FF0A
_time                       bssCOMRAM    00004C
_update_lcd                 text11       000B62
btemp                       temp         00005B
eeprom_GetLog@address       cstackCOMRAM 000018
eeprom_GetLog@back          cstackCOMRAM 000012
eeprom_GetLog@i             cstackCOMRAM 000019
eeprom_GetLog@res           cstackCOMRAM 000014
eeprom_LogResult@address    cstackCOMRAM 000015
eeprom_LogResult@data       cstackCOMRAM 000013
eeprom_LogResult@i          cstackCOMRAM 000016
eeprom_ReadByte@address     cstackCOMRAM 000010
eeprom_WriteByte@address    cstackCOMRAM 000010
eeprom_WriteByte@data       cstackCOMRAM 000012
end_of_initialization       cinit        0015BA
executingState@alInSensor   cstackBANK0  0000AA
executingState@alLoaded     cstackBANK0  0000A6
executingState@emptyCount   cstackBANK0  0000AC
executingState@h_one        cstackBANK0  000086
executingState@h_ten        cstackBANK0  000084
executingState@hasLabel     cstackBANK0  0000A2
executingState@hasTab       cstackBANK0  00009E
executingState@m_one        cstackBANK0  00008A
executingState@m_ten        cstackBANK0  000088
executingState@res          cstackBANK0  000094
executingState@runCanAl     cstackBANK0  000082
executingState@runCanSn     cstackBANK0  000080
executingState@s_one        cstackBANK0  00008E
executingState@s_ten        cstackBANK0  00008C
executingState@snInSensor   cstackBANK0  0000A8
executingState@snLoaded     cstackBANK0  0000A4
executingState@start_s      cstackBANK0  00009C
executingState@timedif      cstackBANK0  0000A0
finishState@keypress        cstackCOMRAM 000036
fixLCD@i                    cstackCOMRAM 000035
fixLCD@i_579                cstackCOMRAM 000040
fixLCD@j                    cstackCOMRAM 00003E
fixLCD@time                 cstackCOMRAM 000037
get_time@i                  cstackCOMRAM 000017
get_time@time               cstackCOMRAM 000013
get_timeDif@h_one           cstackCOMRAM 00001F
get_timeDif@h_ten           cstackCOMRAM 00001D
get_timeDif@m_one           cstackCOMRAM 000023
get_timeDif@m_ten           cstackCOMRAM 000021
get_timeDif@s_one           cstackCOMRAM 000027
get_timeDif@s_ten           cstackCOMRAM 000025
get_timeDif@start           cstackCOMRAM 000018
get_timeDif@start_s         cstackCOMRAM 000029
int$flags                   temp         00005B
int_func                    intcode_body 000EE8
intlevel0                   text         000000
intlevel1                   text         000000
intlevel2                   text         000000
intlevel3                   text         000000
isdigit@c                   cstackCOMRAM 000012
keypressed@keypress         cstackCOMRAM 00000F
lcdInst@data                cstackCOMRAM 000012
lcdNibble@data              cstackCOMRAM 000011
lcdNibble@temp              cstackCOMRAM 000010
logState@keypress           cstackCOMRAM 000036
logState@log                cstackCOMRAM 000034
mainState@keypress          cstackCOMRAM 000034
printf@ap                   cstackCOMRAM 00002B
printf@c                    cstackCOMRAM 000033
printf@f                    cstackCOMRAM 00001C
printf@flag                 cstackCOMRAM 000030
printf@idx                  cstackCOMRAM 00002A
printf@prec                 cstackCOMRAM 00002D
printf@val                  cstackCOMRAM 00002E
printf@width                cstackCOMRAM 000031
putch@data                  cstackCOMRAM 000012
readKey@i                   cstackCOMRAM 000013
readKey@keypress            cstackCOMRAM 000012
servoRotate0@i              cstackCOMRAM 000014
servoRotate0@servo          cstackCOMRAM 000010
servoRotate90@i             cstackCOMRAM 000014
servoRotate90@servo         cstackCOMRAM 000010
servoRotate90n@i            cstackCOMRAM 000014
servoRotate90n@servo        cstackCOMRAM 000010
servoRotateArm@i_1032       cstackCOMRAM 000015
servoRotateArm@res          cstackCOMRAM 000013
stackhi                     (abs)        000F7F
stacklo                     (abs)        0000BC
start                       init         00000E
start_initialization        cinit        0015A2


FUNCTION INFORMATION:

 *************** function _main *****************
 Defined at:
		line 412 in file "main.c"
 Parameters:    Size  Location     Type
		None
 Auto vars:     Size  Location     Type
		None
 Return value:  Size  Location     Type
                  1    wreg      void 
 Registers used:
		wreg, fsr2l, fsr2h, status,2, status,0, tblptrl, tblptrh, tblptru, prodl, prodh, cstack
 Tracked objects:
		On entry : 
		On exit  : 
		Unchanged: 
 Data sizes:     COMRAM   BANK0   BANK1   BANK2   BANK3   BANK4   BANK5   BANK6   BANK7   BANK8   BANK9  BANK10  BANK11  BANK12  BANK13  BANK14  BANK15
      Params:         0       0       0       0       0       0       0       0       0       0       0       0       0       0       0       0       0
      Locals:         0       0       0       0       0       0       0       0       0       0       0       0       0       0       0       0       0
      Temps:          0       0       0       0       0       0       0       0       0       0       0       0       0       0       0       0       0
      Totals:         0       0       0       0       0       0       0       0       0       0       0       0       0       0       0       0       0
Total ram usage:        0 bytes
 Hardware stack levels required when called:    6
 This function calls:
		_I2C_Master_Init
		_debugState
		_eeprom_initialize
		_executingState
		_finishState
		_fixLCD
		_initLCD
		_logState
		_mainState
 This function is called by:
		Startup code after reset
 This function uses a non-reentrant model


 *************** function _mainState *****************
 Defined at:
		line 121 in file "main.c"
 Parameters:    Size  Location     Type
		None
 Auto vars:     Size  Location     Type
  keypress        2   51[COMRAM] int 
 Return value:  Size  Location     Type
                  1    wreg      void 
 Registers used:
		wreg, fsr2l, fsr2h, status,2, status,0, tblptrl, tblptrh, tblptru, prodl, prodh, cstack
 Tracked objects:
		On entry : 
		On exit  : 
		Unchanged: 
 Data sizes:     COMRAM   BANK0   BANK1   BANK2   BANK3   BANK4   BANK5   BANK6   BANK7   BANK8   BANK9  BANK10  BANK11  BANK12  BANK13  BANK14  BANK15
      Params:         0       0       0       0       0       0       0       0       0       0       0       0       0       0       0       0       0
      Locals:         2       0       0       0       0       0       0       0       0       0       0       0       0       0       0       0       0
      Temps:          0       0       0       0       0       0       0       0       0       0       0       0       0       0       0       0       0
      Totals:         2       0       0       0       0       0       0       0       0       0       0       0       0       0       0       0       0
Total ram usage:        2 bytes
 Hardware stack levels used:    1
 Hardware stack levels required when called:    5
 This function calls:
		_get_time
		_readKey
		_update_lcd
 This function is called by:
		_main
 This function uses a non-reentrant model


 *************** function _logState *****************
 Defined at:
		line 312 in file "main.c"
 Parameters:    Size  Location     Type
		None
 Auto vars:     Size  Location     Type
  keypress        2   53[COMRAM] int 
  log             2   51[COMRAM] int 
 Return value:  Size  Location     Type
                  1    wreg      void 
 Registers used:
		wreg, fsr2l, fsr2h, status,2, status,0, tblptrl, tblptrh, tblptru, prodl, prodh, cstack
 Tracked objects:
		On entry : 
		On exit  : 
		Unchanged: 
 Data sizes:     COMRAM   BANK0   BANK1   BANK2   BANK3   BANK4   BANK5   BANK6   BANK7   BANK8   BANK9  BANK10  BANK11  BANK12  BANK13  BANK14  BANK15
      Params:         0       0       0       0       0       0       0       0       0       0       0       0       0       0       0       0       0
      Locals:         4       0       0       0       0       0       0       0       0       0       0       0       0       0       0       0       0
      Temps:          0       0       0       0       0       0       0       0       0       0       0       0       0       0       0       0       0
      Totals:         4       0       0       0       0       0       0       0       0       0       0       0       0       0       0       0       0
Total ram usage:        4 bytes
 Hardware stack levels used:    1
 Hardware stack levels required when called:    5
 This function calls:
		_eeprom_GetLog
		_readKey
		_update_lcd
 This function is called by:
		_main
 This function uses a non-reentrant model


 *************** function _eeprom_GetLog *****************
 Defined at:
		line 90 in file "eeprom.c"
 Parameters:    Size  Location     Type
  back            2   17[COMRAM] int 
  res             2   19[COMRAM] PTR int 
		 -> logdata(1), 
 Auto vars:     Size  Location     Type
  i               2   24[COMRAM] int 
  address         1   23[COMRAM] unsigned char 
 Return value:  Size  Location     Type
                  1    wreg      void 
 Registers used:
		wreg, fsr2l, fsr2h, status,2, status,0, prodl, prodh, cstack
 Tracked objects:
		On entry : 
		On exit  : 
		Unchanged: 
 Data sizes:     COMRAM   BANK0   BANK1   BANK2   BANK3   BANK4   BANK5   BANK6   BANK7   BANK8   BANK9  BANK10  BANK11  BANK12  BANK13  BANK14  BANK15
      Params:         4       0       0       0       0       0       0       0       0       0       0       0       0       0       0       0       0
      Locals:         3       0       0       0       0       0       0       0       0       0       0       0       0       0       0       0       0
      Temps:          2       0       0       0       0       0       0       0       0       0       0       0       0       0       0       0       0
      Totals:         9       0       0       0       0       0       0       0       0       0       0       0       0       0       0       0       0
Total ram usage:        9 bytes
 Hardware stack levels used:    1
 Hardware stack levels required when called:    3
 This function calls:
		_eeprom_ReadByte
		_newestAddress
 This function is called by:
		_logState
 This function uses a non-reentrant model


 *************** function _fixLCD *****************
 Defined at:
		line 345 in file "main.c"
 Parameters:    Size  Location     Type
		None
 Auto vars:     Size  Location     Type
  i               1   63[COMRAM] unsigned char 
  time            7   54[COMRAM] unsigned char [7]
  j               2   61[COMRAM] int 
  i               2   52[COMRAM] int 
 Return value:  Size  Location     Type
                  1    wreg      void 
 Registers used:
		wreg, fsr2l, fsr2h, status,2, status,0, tblptrl, tblptrh, tblptru, prodl, prodh, cstack
 Tracked objects:
		On entry : 
		On exit  : 
		Unchanged: 
 Data sizes:     COMRAM   BANK0   BANK1   BANK2   BANK3   BANK4   BANK5   BANK6   BANK7   BANK8   BANK9  BANK10  BANK11  BANK12  BANK13  BANK14  BANK15
      Params:         0       0       0       0       0       0       0       0       0       0       0       0       0       0       0       0       0
      Locals:        12       0       0       0       0       0       0       0       0       0       0       0       0       0       0       0       0
      Temps:          1       0       0       0       0       0       0       0       0       0       0       0       0       0       0       0       0
      Totals:        13       0       0       0       0       0       0       0       0       0       0       0       0       0       0       0       0
Total ram usage:       13 bytes
 Hardware stack levels used:    1
 Hardware stack levels required when called:    4
 This function calls:
		_I2C_Master_Init
		_I2C_Master_Read
		_I2C_Master_Start
		_I2C_Master_Stop
		_I2C_Master_Write
		_initLCD
		_lcdInst
		_printf
 This function is called by:
		_main
 This function uses a non-reentrant model


 *************** function _initLCD *****************
 Defined at:
		line 15 in file "lcd.c"
 Parameters:    Size  Location     Type
		None
 Auto vars:     Size  Location     Type
		None
 Return value:  Size  Location     Type
                  1    wreg      void 
 Registers used:
		wreg, status,2, status,0, cstack
 Tracked objects:
		On entry : 
		On exit  : 
		Unchanged: 
 Data sizes:     COMRAM   BANK0   BANK1   BANK2   BANK3   BANK4   BANK5   BANK6   BANK7   BANK8   BANK9  BANK10  BANK11  BANK12  BANK13  BANK14  BANK15
      Params:         0       0       0       0       0       0       0       0       0       0       0       0       0       0       0       0       0
      Locals:         0       0       0       0       0       0       0       0       0       0       0       0       0       0       0       0       0
      Temps:          1       0       0       0       0       0       0       0       0       0       0       0       0       0       0       0       0
      Totals:         1       0       0       0       0       0       0       0       0       0       0       0       0       0       0       0       0
Total ram usage:        1 bytes
 Hardware stack levels used:    1
 Hardware stack levels required when called:    3
 This function calls:
		_lcdInst
 This function is called by:
		_fixLCD
		_main
 This function uses a non-reentrant model


 *************** function _I2C_Master_Init *****************
 Defined at:
		line 13 in file "I2C.c"
 Parameters:    Size  Location     Type
  c               4   28[COMRAM] const unsigned long 
 Auto vars:     Size  Location     Type
		None
 Return value:  Size  Location     Type
                  1    wreg      void 
 Registers used:
		wreg, status,2, status,0, cstack
 Tracked objects:
		On entry : 
		On exit  : 
		Unchanged: 
 Data sizes:     COMRAM   BANK0   BANK1   BANK2   BANK3   BANK4   BANK5   BANK6   BANK7   BANK8   BANK9  BANK10  BANK11  BANK12  BANK13  BANK14  BANK15
      Params:         4       0       0       0       0       0       0       0       0       0       0       0       0       0       0       0       0
      Locals:         0       0       0       0       0       0       0       0       0       0       0       0       0       0       0       0       0
      Temps:          4       0       0       0       0       0       0       0       0       0       0       0       0       0       0       0       0
      Totals:         8       0       0       0       0       0       0       0       0       0       0       0       0       0       0       0       0
Total ram usage:        8 bytes
 Hardware stack levels used:    1
 Hardware stack levels required when called:    2
 This function calls:
		___lldiv
 This function is called by:
		_fixLCD
		_main
 This function uses a non-reentrant model


 *************** function ___lldiv *****************
 Defined at:
		line 8 in file "C:\Program Files (x86)\Microchip\xc8\v1.40\sources\common\lldiv.c"
 Parameters:    Size  Location     Type
  dividend        4   15[COMRAM] unsigned long 
  divisor         4   19[COMRAM] unsigned long 
 Auto vars:     Size  Location     Type
  quotient        4   23[COMRAM] unsigned long 
  counter         1   27[COMRAM] unsigned char 
 Return value:  Size  Location     Type
                  4   15[COMRAM] unsigned long 
 Registers used:
		wreg, status,2, status,0
 Tracked objects:
		On entry : 
		On exit  : 
		Unchanged: 
 Data sizes:     COMRAM   BANK0   BANK1   BANK2   BANK3   BANK4   BANK5   BANK6   BANK7   BANK8   BANK9  BANK10  BANK11  BANK12  BANK13  BANK14  BANK15
      Params:         8       0       0       0       0       0       0       0       0       0       0       0       0       0       0       0       0
      Locals:         5       0       0       0       0       0       0       0       0       0       0       0       0       0       0       0       0
      Temps:          0       0       0       0       0       0       0       0       0       0       0       0       0       0       0       0       0
      Totals:        13       0       0       0       0       0       0       0       0       0       0       0       0       0       0       0       0
Total ram usage:       13 bytes
 Hardware stack levels used:    1
 Hardware stack levels required when called:    1
 This function calls:
		Nothing
 This function is called by:
		_I2C_Master_Init
 This function uses a non-reentrant model


 *************** function _finishState *****************
 Defined at:
		line 298 in file "main.c"
 Parameters:    Size  Location     Type
		None
 Auto vars:     Size  Location     Type
  keypress        2   53[COMRAM] int 
 Return value:  Size  Location     Type
                  1    wreg      void 
 Registers used:
		wreg, fsr2l, fsr2h, status,2, status,0, tblptrl, tblptrh, tblptru, prodl, prodh, cstack
 Tracked objects:
		On entry : 
		On exit  : 
		Unchanged: 
 Data sizes:     COMRAM   BANK0   BANK1   BANK2   BANK3   BANK4   BANK5   BANK6   BANK7   BANK8   BANK9  BANK10  BANK11  BANK12  BANK13  BANK14  BANK15
      Params:         0       0       0       0       0       0       0       0       0       0       0       0       0       0       0       0       0
      Locals:         2       0       0       0       0       0       0       0       0       0       0       0       0       0       0       0       0
      Temps:          2       0       0       0       0       0       0       0       0       0       0       0       0       0       0       0       0
      Totals:         4       0       0       0       0       0       0       0       0       0       0       0       0       0       0       0       0
Total ram usage:        4 bytes
 Hardware stack levels used:    1
 Hardware stack levels required when called:    5
 This function calls:
		_readKey
		_update_lcd
 This function is called by:
		_main
 This function uses a non-reentrant model


 *************** function _readKey *****************
 Defined at:
		line 90 in file "main.c"
 Parameters:    Size  Location     Type
		None
 Auto vars:     Size  Location     Type
  keypress        1   17[COMRAM] unsigned char 
  i               2   18[COMRAM] int 
 Return value:  Size  Location     Type
                  2   15[COMRAM] int 
 Registers used:
		wreg, status,2, status,0
 Tracked objects:
		On entry : 
		On exit  : 
		Unchanged: 
 Data sizes:     COMRAM   BANK0   BANK1   BANK2   BANK3   BANK4   BANK5   BANK6   BANK7   BANK8   BANK9  BANK10  BANK11  BANK12  BANK13  BANK14  BANK15
      Params:         2       0       0       0       0       0       0       0       0       0       0       0       0       0       0       0       0
      Locals:         3       0       0       0       0       0       0       0       0       0       0       0       0       0       0       0       0
      Temps:          0       0       0       0       0       0       0       0       0       0       0       0       0       0       0       0       0
      Totals:         5       0       0       0       0       0       0       0       0       0       0       0       0       0       0       0       0
Total ram usage:        5 bytes
 Hardware stack levels used:    1
 Hardware stack levels required when called:    1
 This function calls:
		Nothing
 This function is called by:
		_mainState
		_finishState
		_logState
 This function uses a non-reentrant model


 *************** function _executingState *****************
 Defined at:
		line 150 in file "main.c"
 Parameters:    Size  Location     Type
		None
 Auto vars:     Size  Location     Type
  hasTab          2   30[BANK0 ] int 
  hasLabel        2   34[BANK0 ] int 
  res             8   20[BANK0 ] int [4]
  emptyCount      2   44[BANK0 ] int 
  alInSensor      2   42[BANK0 ] int 
  snInSensor      2   40[BANK0 ] int 
  alLoaded        2   38[BANK0 ] int 
  snLoaded        2   36[BANK0 ] int 
  timedif         2   32[BANK0 ] int 
  start_s         2   28[BANK0 ] int 
  s_one           2   14[BANK0 ] int 
  s_ten           2   12[BANK0 ] int 
  m_one           2   10[BANK0 ] int 
  m_ten           2    8[BANK0 ] int 
  h_one           2    6[BANK0 ] int 
  h_ten           2    4[BANK0 ] int 
  runCanAl        2    2[BANK0 ] int 
  runCanSn        2    0[BANK0 ] int 
 Return value:  Size  Location     Type
                  1    wreg      void 
 Registers used:
		wreg, fsr2l, fsr2h, status,2, status,0, tblptrl, tblptrh, tblptru, prodl, prodh, cstack
 Tracked objects:
		On entry : 
		On exit  : 
		Unchanged: 
 Data sizes:     COMRAM   BANK0   BANK1   BANK2   BANK3   BANK4   BANK5   BANK6   BANK7   BANK8   BANK9  BANK10  BANK11  BANK12  BANK13  BANK14  BANK15
      Params:         0       0       0       0       0       0       0       0       0       0       0       0       0       0       0       0       0
      Locals:         0      46       0       0       0       0       0       0       0       0       0       0       0       0       0       0       0
      Temps:          3       0       0       0       0       0       0       0       0       0       0       0       0       0       0       0       0
      Totals:         3      46       0       0       0       0       0       0       0       0       0       0       0       0       0       0       0
Total ram usage:       49 bytes
 Hardware stack levels used:    1
 Hardware stack levels required when called:    5
 This function calls:
		___wmul
		_dispenseAlCan
		_dispenseSnCan
		_eeprom_LogResult
		_get_time
		_get_timeDif
		_lcdInst
		_printf
		_readAlBot
		_readAlTop
		_readSnBot
		_readSnSensor
		_readSnTop
		_servoRotate0
		_servoRotate90
		_servoRotate90n
		_servoRotateArm
		_update_lcd
 This function is called by:
		_main
 This function uses a non-reentrant model


 *************** function _update_lcd *****************
 Defined at:
		line 44 in file "main.c"
 Parameters:    Size  Location     Type
		None
 Auto vars:     Size  Location     Type
		None
 Return value:  Size  Location     Type
                  1    wreg      void 
 Registers used:
		wreg, fsr2l, fsr2h, status,2, status,0, tblptrl, tblptrh, tblptru, prodl, prodh, cstack
 Tracked objects:
		On entry : 
		On exit  : 
		Unchanged: 
 Data sizes:     COMRAM   BANK0   BANK1   BANK2   BANK3   BANK4   BANK5   BANK6   BANK7   BANK8   BANK9  BANK10  BANK11  BANK12  BANK13  BANK14  BANK15
      Params:         0       0       0       0       0       0       0       0       0       0       0       0       0       0       0       0       0
      Locals:         0       0       0       0       0       0       0       0       0       0       0       0       0       0       0       0       0
      Temps:          0       0       0       0       0       0       0       0       0       0       0       0       0       0       0       0       0
      Totals:         0       0       0       0       0       0       0       0       0       0       0       0       0       0       0       0       0
Total ram usage:        0 bytes
 Hardware stack levels used:    1
 Hardware stack levels required when called:    4
 This function calls:
		_lcdInst
		_printf
 This function is called by:
		_mainState
		_executingState
		_finishState
		_logState
 This function uses a non-reentrant model


 *************** function _readSnTop *****************
 Defined at:
		line 25 in file "sensors.c"
 Parameters:    Size  Location     Type
		None
 Auto vars:     Size  Location     Type
		None
 Return value:  Size  Location     Type
                  2   15[COMRAM] int 
 Registers used:
		wreg, status,2
 Tracked objects:
		On entry : 
		On exit  : 
		Unchanged: 
 Data sizes:     COMRAM   BANK0   BANK1   BANK2   BANK3   BANK4   BANK5   BANK6   BANK7   BANK8   BANK9  BANK10  BANK11  BANK12  BANK13  BANK14  BANK15
      Params:         2       0       0       0       0       0       0       0       0       0       0       0       0       0       0       0       0
      Locals:         0       0       0       0       0       0       0       0       0       0       0       0       0       0       0       0       0
      Temps:          0       0       0       0       0       0       0       0       0       0       0       0       0       0       0       0       0
      Totals:         2       0       0       0       0       0       0       0       0       0       0       0       0       0       0       0       0
Total ram usage:        2 bytes
 Hardware stack levels used:    1
 Hardware stack levels required when called:    1
 This function calls:
		Nothing
 This function is called by:
		_executingState
 This function uses a non-reentrant model


 *************** function _readSnSensor *****************
 Defined at:
		line 39 in file "sensors.c"
 Parameters:    Size  Location     Type
		None
 Auto vars:     Size  Location     Type
		None
 Return value:  Size  Location     Type
                  2   15[COMRAM] int 
 Registers used:
		wreg, status,2
 Tracked objects:
		On entry : 
		On exit  : 
		Unchanged: 
 Data sizes:     COMRAM   BANK0   BANK1   BANK2   BANK3   BANK4   BANK5   BANK6   BANK7   BANK8   BANK9  BANK10  BANK11  BANK12  BANK13  BANK14  BANK15
      Params:         2       0       0       0       0       0       0       0       0       0       0       0       0       0       0       0       0
      Locals:         0       0       0       0       0       0       0       0       0       0       0       0       0       0       0       0       0
      Temps:          0       0       0       0       0       0       0       0       0       0       0       0       0       0       0       0       0
      Totals:         2       0       0       0       0       0       0       0       0       0       0       0       0       0       0       0       0
Total ram usage:        2 bytes
 Hardware stack levels used:    1
 Hardware stack levels required when called:    1
 This function calls:
		Nothing
 This function is called by:
		_executingState
 This function uses a non-reentrant model


 *************** function _readSnBot *****************
 Defined at:
		line 11 in file "sensors.c"
 Parameters:    Size  Location     Type
		None
 Auto vars:     Size  Location     Type
		None
 Return value:  Size  Location     Type
                  2   15[COMRAM] int 
 Registers used:
		wreg, status,2
 Tracked objects:
		On entry : 
		On exit  : 
		Unchanged: 
 Data sizes:     COMRAM   BANK0   BANK1   BANK2   BANK3   BANK4   BANK5   BANK6   BANK7   BANK8   BANK9  BANK10  BANK11  BANK12  BANK13  BANK14  BANK15
      Params:         2       0       0       0       0       0       0       0       0       0       0       0       0       0       0       0       0
      Locals:         0       0       0       0       0       0       0       0       0       0       0       0       0       0       0       0       0
      Temps:          0       0       0       0       0       0       0       0       0       0       0       0       0       0       0       0       0
      Totals:         2       0       0       0       0       0       0       0       0       0       0       0       0       0       0       0       0
Total ram usage:        2 bytes
 Hardware stack levels used:    1
 Hardware stack levels required when called:    1
 This function calls:
		Nothing
 This function is called by:
		_executingState
 This function uses a non-reentrant model


 *************** function _readAlTop *****************
 Defined at:
		line 32 in file "sensors.c"
 Parameters:    Size  Location     Type
		None
 Auto vars:     Size  Location     Type
		None
 Return value:  Size  Location     Type
                  2   15[COMRAM] int 
 Registers used:
		wreg, status,2
 Tracked objects:
		On entry : 
		On exit  : 
		Unchanged: 
 Data sizes:     COMRAM   BANK0   BANK1   BANK2   BANK3   BANK4   BANK5   BANK6   BANK7   BANK8   BANK9  BANK10  BANK11  BANK12  BANK13  BANK14  BANK15
      Params:         2       0       0       0       0       0       0       0       0       0       0       0       0       0       0       0       0
      Locals:         0       0       0       0       0       0       0       0       0       0       0       0       0       0       0       0       0
      Temps:          0       0       0       0       0       0       0       0       0       0       0       0       0       0       0       0       0
      Totals:         2       0       0       0       0       0       0       0       0       0       0       0       0       0       0       0       0
Total ram usage:        2 bytes
 Hardware stack levels used:    1
 Hardware stack levels required when called:    1
 This function calls:
		Nothing
 This function is called by:
		_executingState
 This function uses a non-reentrant model


 *************** function _readAlBot *****************
 Defined at:
		line 18 in file "sensors.c"
 Parameters:    Size  Location     Type
		None
 Auto vars:     Size  Location     Type
		None
 Return value:  Size  Location     Type
                  2   15[COMRAM] int 
 Registers used:
		wreg, status,2
 Tracked objects:
		On entry : 
		On exit  : 
		Unchanged: 
 Data sizes:     COMRAM   BANK0   BANK1   BANK2   BANK3   BANK4   BANK5   BANK6   BANK7   BANK8   BANK9  BANK10  BANK11  BANK12  BANK13  BANK14  BANK15
      Params:         2       0       0       0       0       0       0       0       0       0       0       0       0       0       0       0       0
      Locals:         0       0       0       0       0       0       0       0       0       0       0       0       0       0       0       0       0
      Temps:          0       0       0       0       0       0       0       0       0       0       0       0       0       0       0       0       0
      Totals:         2       0       0       0       0       0       0       0       0       0       0       0       0       0       0       0       0
Total ram usage:        2 bytes
 Hardware stack levels used:    1
 Hardware stack levels required when called:    1
 This function calls:
		Nothing
 This function is called by:
		_executingState
 This function uses a non-reentrant model


 *************** function _get_timeDif *****************
 Defined at:
		line 108 in file "main.c"
 Parameters:    Size  Location     Type
  start           2   23[COMRAM] int 
 Auto vars:     Size  Location     Type
  start_s         2   40[COMRAM] int 
  s_one           2   38[COMRAM] int 
  s_ten           2   36[COMRAM] int 
  m_one           2   34[COMRAM] int 
  m_ten           2   32[COMRAM] int 
  h_one           2   30[COMRAM] int 
  h_ten           2   28[COMRAM] int 
 Return value:  Size  Location     Type
                  2   23[COMRAM] int 
 Registers used:
		wreg, fsr2l, fsr2h, status,2, status,0, prodl, prodh, cstack
 Tracked objects:
		On entry : 
		On exit  : 
		Unchanged: 
 Data sizes:     COMRAM   BANK0   BANK1   BANK2   BANK3   BANK4   BANK5   BANK6   BANK7   BANK8   BANK9  BANK10  BANK11  BANK12  BANK13  BANK14  BANK15
      Params:         2       0       0       0       0       0       0       0       0       0       0       0       0       0       0       0       0
      Locals:        18       0       0       0       0       0       0       0       0       0       0       0       0       0       0       0       0
      Temps:          3       0       0       0       0       0       0       0       0       0       0       0       0       0       0       0       0
      Totals:        23       0       0       0       0       0       0       0       0       0       0       0       0       0       0       0       0
Total ram usage:       23 bytes
 Hardware stack levels used:    1
 Hardware stack levels required when called:    4
 This function calls:
		___wmul
		_get_time
 This function is called by:
		_executingState
 This function uses a non-reentrant model


 *************** function _get_time *****************
 Defined at:
		line 23 in file "RTC.c"
 Parameters:    Size  Location     Type
  time            2   18[COMRAM] PTR int 
		 -> starttime(14), time(14), 
 Auto vars:     Size  Location     Type
  i               1   22[COMRAM] unsigned char 
 Return value:  Size  Location     Type
                  1    wreg      void 
 Registers used:
		wreg, fsr2l, fsr2h, status,2, status,0, prodl, prodh, cstack
 Tracked objects:
		On entry : 
		On exit  : 
		Unchanged: 
 Data sizes:     COMRAM   BANK0   BANK1   BANK2   BANK3   BANK4   BANK5   BANK6   BANK7   BANK8   BANK9  BANK10  BANK11  BANK12  BANK13  BANK14  BANK15
      Params:         2       0       0       0       0       0       0       0       0       0       0       0       0       0       0       0       0
      Locals:         1       0       0       0       0       0       0       0       0       0       0       0       0       0       0       0       0
      Temps:          2       0       0       0       0       0       0       0       0       0       0       0       0       0       0       0       0
      Totals:         5       0       0       0       0       0       0       0       0       0       0       0       0       0       0       0       0
Total ram usage:        5 bytes
 Hardware stack levels used:    1
 Hardware stack levels required when called:    3
 This function calls:
		_I2C_Master_Read
		_I2C_Master_Start
		_I2C_Master_Stop
		_I2C_Master_Write
 This function is called by:
		_get_timeDif
		_mainState
		_executingState
 This function uses a non-reentrant model


 *************** function _I2C_Master_Write *****************
 Defined at:
		line 47 in file "I2C.c"
 Parameters:    Size  Location     Type
  d               2   16[COMRAM] unsigned int 
 Auto vars:     Size  Location     Type
		None
 Return value:  Size  Location     Type
                  1    wreg      void 
 Registers used:
		wreg, status,2, status,0, cstack
 Tracked objects:
		On entry : 
		On exit  : 
		Unchanged: 
 Data sizes:     COMRAM   BANK0   BANK1   BANK2   BANK3   BANK4   BANK5   BANK6   BANK7   BANK8   BANK9  BANK10  BANK11  BANK12  BANK13  BANK14  BANK15
      Params:         2       0       0       0       0       0       0       0       0       0       0       0       0       0       0       0       0
      Locals:         0       0       0       0       0       0       0       0       0       0       0       0       0       0       0       0       0
      Temps:          0       0       0       0       0       0       0       0       0       0       0       0       0       0       0       0       0
      Totals:         2       0       0       0       0       0       0       0       0       0       0       0       0       0       0       0       0
Total ram usage:        2 bytes
 Hardware stack levels used:    1
 Hardware stack levels required when called:    2
 This function calls:
		_I2C_Master_Wait
 This function is called by:
		_fixLCD
		_get_time
		_set_time
 This function uses a non-reentrant model


 *************** function _I2C_Master_Stop *****************
 Defined at:
		line 41 in file "I2C.c"
 Parameters:    Size  Location     Type
		None
 Auto vars:     Size  Location     Type
		None
 Return value:  Size  Location     Type
                  1    wreg      void 
 Registers used:
		wreg, status,2, status,0, cstack
 Tracked objects:
		On entry : 
		On exit  : 
		Unchanged: 
 Data sizes:     COMRAM   BANK0   BANK1   BANK2   BANK3   BANK4   BANK5   BANK6   BANK7   BANK8   BANK9  BANK10  BANK11  BANK12  BANK13  BANK14  BANK15
      Params:         0       0       0       0       0       0       0       0       0       0       0       0       0       0       0       0       0
      Locals:         0       0       0       0       0       0       0       0       0       0       0       0       0       0       0       0       0
      Temps:          0       0       0       0       0       0       0       0       0       0       0       0       0       0       0       0       0
      Totals:         0       0       0       0       0       0       0       0       0       0       0       0       0       0       0       0       0
Total ram usage:        0 bytes
 Hardware stack levels used:    1
 Hardware stack levels required when called:    2
 This function calls:
		_I2C_Master_Wait
 This function is called by:
		_fixLCD
		_get_time
		_set_time
 This function uses a non-reentrant model


 *************** function _I2C_Master_Start *****************
 Defined at:
		line 29 in file "I2C.c"
 Parameters:    Size  Location     Type
		None
 Auto vars:     Size  Location     Type
		None
 Return value:  Size  Location     Type
                  1    wreg      void 
 Registers used:
		wreg, status,2, status,0, cstack
 Tracked objects:
		On entry : 
		On exit  : 
		Unchanged: 
 Data sizes:     COMRAM   BANK0   BANK1   BANK2   BANK3   BANK4   BANK5   BANK6   BANK7   BANK8   BANK9  BANK10  BANK11  BANK12  BANK13  BANK14  BANK15
      Params:         0       0       0       0       0       0       0       0       0       0       0       0       0       0       0       0       0
      Locals:         0       0       0       0       0       0       0       0       0       0       0       0       0       0       0       0       0
      Temps:          0       0       0       0       0       0       0       0       0       0       0       0       0       0       0       0       0
      Totals:         0       0       0       0       0       0       0       0       0       0       0       0       0       0       0       0       0
Total ram usage:        0 bytes
 Hardware stack levels used:    1
 Hardware stack levels required when called:    2
 This function calls:
		_I2C_Master_Wait
 This function is called by:
		_fixLCD
		_get_time
		_set_time
 This function uses a non-reentrant model


 *************** function _I2C_Master_Read *****************
 Defined at:
		line 53 in file "I2C.c"
 Parameters:    Size  Location     Type
  a               1    wreg     unsigned char 
 Auto vars:     Size  Location     Type
[...]
      Totals:         7       0       0       0       0       0       0       0       0       0       0       0       0       0       0       0       0
Total ram usage:        7 bytes
 Hardware stack levels used:    1
 Hardware stack levels required when called:    1
 This function calls:
		Nothing
 This function is called by:
		_executingState
		_debugState
 This function uses a non-reentrant model


 *************** function _servoRotate90n *****************
 Defined at:
		line 169 in file "servos.c"
 Parameters:    Size  Location     Type
  servo           2   15[COMRAM] int 
 Auto vars:     Size  Location     Type
  i               2   19[COMRAM] unsigned int 
 Return value:  Size  Location     Type
                  1    wreg      void 
 Registers used:
		wreg, status,2, status,0
 Tracked objects:
		On entry : 
		On exit  : 
		Unchanged: 
 Data sizes:     COMRAM   BANK0   BANK1   BANK2   BANK3   BANK4   BANK5   BANK6   BANK7   BANK8   BANK9  BANK10  BANK11  BANK12  BANK13  BANK14  BANK15
      Params:         2       0       0       0       0       0       0       0       0       0       0       0       0       0       0       0       0
      Locals:         2       0       0       0       0       0       0       0       0       0       0       0       0       0       0       0       0
      Temps:          2       0       0       0       0       0       0       0       0       0       0       0       0       0       0       0       0
      Totals:         6       0       0       0       0       0       0       0       0       0       0       0       0       0       0       0       0
Total ram usage:        6 bytes
 Hardware stack levels used:    1
 Hardware stack levels required when called:    1
 This function calls:
		Nothing
 This function is called by:
		_executingState
		_debugState
 This function uses a non-reentrant model


 *************** function _printf *****************
 Defined at:
		line 464 in file "C:\Program Files (x86)\Microchip\xc8\v1.40\sources\common\doprnt.c"
 Parameters:    Size  Location     Type
  f               2   27[COMRAM] PTR const unsigned char 
		 -> STR_16(15), STR_15(15), STR_14(15), STR_13(12), 
		 -> STR_12(18), STR_11(6), STR_10(17), STR_9(17), 
		 -> STR_8(17), STR_7(18), STR_6(17), STR_5(17), 
		 -> STR_4(19), STR_3(17), STR_2(15), STR_1(16), 
 Auto vars:     Size  Location     Type
  idx             1   41[COMRAM] unsigned char 
  tmpval          4    0        struct .
  cp              3    0        PTR const unsigned char 
  width           2   48[COMRAM] int 
  val             2   45[COMRAM] unsigned int 
  ap              2   42[COMRAM] PTR void [1]
		 -> ?_printf(2), 
  len             2    0        unsigned int 
  c               1   50[COMRAM] char 
  flag            1   47[COMRAM] unsigned char 
  prec            1   44[COMRAM] char 
 Return value:  Size  Location     Type
                  2   27[COMRAM] int 
 Registers used:
		wreg, fsr2l, fsr2h, status,2, status,0, tblptrl, tblptrh, tblptru, prodl, prodh, cstack
 Tracked objects:
		On entry : 
		On exit  : 
		Unchanged: 
 Data sizes:     COMRAM   BANK0   BANK1   BANK2   BANK3   BANK4   BANK5   BANK6   BANK7   BANK8   BANK9  BANK10  BANK11  BANK12  BANK13  BANK14  BANK15
      Params:        10       0       0       0       0       0       0       0       0       0       0       0       0       0       0       0       0
      Locals:        10       0       0       0       0       0       0       0       0       0       0       0       0       0       0       0       0
      Temps:          4       0       0       0       0       0       0       0       0       0       0       0       0       0       0       0       0
      Totals:        24       0       0       0       0       0       0       0       0       0       0       0       0       0       0       0       0
Total ram usage:       24 bytes
 Hardware stack levels used:    1
 Hardware stack levels required when called:    3
 This function calls:
		___lwdiv
		___lwmod
		___wmul
		_isdigit
		_putch
 This function is called by:
		_update_lcd
		_executingState
		_debugState
		_fixLCD
 This function uses a non-reentrant model


 *************** function _putch *****************
 Defined at:
		line 31 in file "lcd.c"
 Parameters:    Size  Location     Type
  data            1    wreg     unsigned char 
 Auto vars:     Size  Location     Type
  data            1   17[COMRAM] unsigned char 
 Return value:  Size  Location     Type
                  1    wreg      void 
 Registers used:
		wreg, status,2, status,0, cstack
 Tracked objects:
		On entry : 
		On exit  : 
		Unchanged: 
 Data sizes:     COMRAM   BANK0   BANK1   BANK2   BANK3   BANK4   BANK5   BANK6   BANK7   BANK8   BANK9  BANK10  BANK11  BANK12  BANK13  BANK14  BANK15
      Params:         0       0       0       0       0       0       0       0       0       0       0       0       0       0       0       0       0
      Locals:         1       0       0       0       0       0       0       0       0       0       0       0       0       0       0       0       0
      Temps:          0       0       0       0       0       0       0       0       0       0       0       0       0       0       0       0       0
      Totals:         1       0       0       0       0       0       0       0       0       0       0       0       0       0       0       0       0
Total ram usage:        1 bytes
 Hardware stack levels used:    1
 Hardware stack levels required when called:    2
 This function calls:
		_lcdNibble
 This function is called by:
		_printf
 This function uses a non-reentrant model


 *************** function _isdigit *****************
 Defined at:
		line 8 in file "C:\Program Files (x86)\Microchip\xc8\v1.40\sources\common\isdigit.c"
 Parameters:    Size  Location     Type
  c               1    wreg     unsigned char 
 Auto vars:     Size  Location     Type
  c               1   17[COMRAM] unsigned char 
 Return value:  Size  Location     Type
		None               void
 Registers used:
		wreg, status,2, status,0
 Tracked objects:
		On entry : 
		On exit  : 
		Unchanged: 
 Data sizes:     COMRAM   BANK0   BANK1   BANK2   BANK3   BANK4   BANK5   BANK6   BANK7   BANK8   BANK9  BANK10  BANK11  BANK12  BANK13  BANK14  BANK15
      Params:         0       0       0       0       0       0       0       0       0       0       0       0       0       0       0       0       0
      Locals:         2       0       0       0       0       0       0       0       0       0       0       0       0       0       0       0       0
      Temps:          1       0       0       0       0       0       0       0       0       0       0       0       0       0       0       0       0
      Totals:         3       0       0       0       0       0       0       0       0       0       0       0       0       0       0       0       0
Total ram usage:        3 bytes
 Hardware stack levels used:    1
 Hardware stack levels required when called:    1
 This function calls:
		Nothing
 This function is called by:
		_printf
 This function uses a non-reentrant model


 *************** function ___wmul *****************
 Defined at:
		line 15 in file "C:\Program Files (x86)\Microchip\xc8\v1.40\sources\common\Umul16.c"
 Parameters:    Size  Location     Type
  multiplier      2   15[COMRAM] unsigned int 
  multiplicand    2   17[COMRAM] unsigned int 
 Auto vars:     Size  Location     Type
  product         2   19[COMRAM] unsigned int 
 Return value:  Size  Location     Type
                  2   15[COMRAM] unsigned int 
 Registers used:
		wreg, status,2, status,0, prodl, prodh
 Tracked objects:
		On entry : 
		On exit  : 
		Unchanged: 
 Data sizes:     COMRAM   BANK0   BANK1   BANK2   BANK3   BANK4   BANK5   BANK6   BANK7   BANK8   BANK9  BANK10  BANK11  BANK12  BANK13  BANK14  BANK15
      Params:         4       0       0       0       0       0       0       0       0       0       0       0       0       0       0       0       0
      Locals:         2       0       0       0       0       0       0       0       0       0       0       0       0       0       0       0       0
      Temps:          0       0       0       0       0       0       0       0       0       0       0       0       0       0       0       0       0
      Totals:         6       0       0       0       0       0       0       0       0       0       0       0       0       0       0       0       0
Total ram usage:        6 bytes
 Hardware stack levels used:    1
 Hardware stack levels required when called:    1
 This function calls:
		Nothing
 This function is called by:
		_get_timeDif
		_executingState
		_printf
 This function uses a non-reentrant model


 *************** function ___lwmod *****************
 Defined at:
		line 8 in file "C:\Program Files (x86)\Microchip\xc8\v1.40\sources\common\lwmod.c"
 Parameters:    Size  Location     Type
  dividend        2   22[COMRAM] unsigned int 
  divisor         2   24[COMRAM] unsigned int 
 Auto vars:     Size  Location     Type
  counter         1   26[COMRAM] unsigned char 
 Return value:  Size  Location     Type
                  2   22[COMRAM] unsigned int 
 Registers used:
		wreg, status,2, status,0
 Tracked objects:
		On entry : 
		On exit  : 
		Unchanged: 
 Data sizes:     COMRAM   BANK0   BANK1   BANK2   BANK3   BANK4   BANK5   BANK6   BANK7   BANK8   BANK9  BANK10  BANK11  BANK12  BANK13  BANK14  BANK15
      Params:         4       0       0       0       0       0       0       0       0       0       0       0       0       0       0       0       0
      Locals:         1       0       0       0       0       0       0       0       0       0       0       0       0       0       0       0       0
      Temps:          0       0       0       0       0       0       0       0       0       0       0       0       0       0       0       0       0
      Totals:         5       0       0       0       0       0       0       0       0       0       0       0       0       0       0       0       0
Total ram usage:        5 bytes
 Hardware stack levels used:    1
 Hardware stack levels required when called:    1
 This function calls:
		Nothing
 This function is called by:
		_printf
 This function uses a non-reentrant model


 *************** function ___lwdiv *****************
 Defined at:
		line 8 in file "C:\Program Files (x86)\Microchip\xc8\v1.40\sources\common\lwdiv.c"
 Parameters:    Size  Location     Type
  dividend        2   15[COMRAM] unsigned int 
  divisor         2   17[COMRAM] unsigned int 
 Auto vars:     Size  Location     Type
  quotient        2   20[COMRAM] unsigned int 
  counter         1   19[COMRAM] unsigned char 
 Return value:  Size  Location     Type
                  2   15[COMRAM] unsigned int 
 Registers used:
		wreg, status,2, status,0
 Tracked objects:
		On entry : 
		On exit  : 
		Unchanged: 
 Data sizes:     COMRAM   BANK0   BANK1   BANK2   BANK3   BANK4   BANK5   BANK6   BANK7   BANK8   BANK9  BANK10  BANK11  BANK12  BANK13  BANK14  BANK15
      Params:         4       0       0       0       0       0       0       0       0       0       0       0       0       0       0       0       0
      Locals:         3       0       0       0       0       0       0       0       0       0       0       0       0       0       0       0       0
      Temps:          0       0       0       0       0       0       0       0       0       0       0       0       0       0       0       0       0
      Totals:         7       0       0       0       0       0       0       0       0       0       0       0       0       0       0       0       0
Total ram usage:        7 bytes
 Hardware stack levels used:    1
 Hardware stack levels required when called:    1
 This function calls:
		Nothing
 This function is called by:
		_printf
 This function uses a non-reentrant model


 *************** function _lcdInst *****************
 Defined at:
		line 26 in file "lcd.c"
 Parameters:    Size  Location     Type
  data            1    wreg     unsigned char 
 Auto vars:     Size  Location     Type
  data            1   17[COMRAM] unsigned char 
 Return value:  Size  Location     Type
                  1    wreg      void 
 Registers used:
		wreg, status,2, status,0, cstack
 Tracked objects:
		On entry : 
		On exit  : 
		Unchanged: 
 Data sizes:     COMRAM   BANK0   BANK1   BANK2   BANK3   BANK4   BANK5   BANK6   BANK7   BANK8   BANK9  BANK10  BANK11  BANK12  BANK13  BANK14  BANK15
      Params:         0       0       0       0       0       0       0       0       0       0       0       0       0       0       0       0       0
      Locals:         1       0       0       0       0       0       0       0       0       0       0       0       0       0       0       0       0
      Temps:          0       0       0       0       0       0       0       0       0       0       0       0       0       0       0       0       0
      Totals:         1       0       0       0       0       0       0       0       0       0       0       0       0       0       0       0       0
Total ram usage:        1 bytes
 Hardware stack levels used:    1
 Hardware stack levels required when called:    2
 This function calls:
		_lcdNibble
 This function is called by:
		_initLCD
		_update_lcd
		_executingState
		_debugState
		_fixLCD
 This function uses a non-reentrant model


 *************** function _lcdNibble *****************
 Defined at:
		line 36 in file "lcd.c"
 Parameters:    Size  Location     Type
  data            1    wreg     unsigned char 
 Auto vars:     Size  Location     Type
  data            1   16[COMRAM] unsigned char 
  temp            1   15[COMRAM] unsigned char 
 Return value:  Size  Location     Type
                  1    wreg      void 
 Registers used:
		wreg, status,2, status,0
 Tracked objects:
		On entry : 
		On exit  : 
		Unchanged: 
 Data sizes:     COMRAM   BANK0   BANK1   BANK2   BANK3   BANK4   BANK5   BANK6   BANK7   BANK8   BANK9  BANK10  BANK11  BANK12  BANK13  BANK14  BANK15
      Params:         0       0       0       0       0       0       0       0       0       0       0       0       0       0       0       0       0
      Locals:         2       0       0       0       0       0       0       0       0       0       0       0       0       0       0       0       0
      Temps:          0       0       0       0       0       0       0       0       0       0       0       0       0       0       0       0       0
      Totals:         2       0       0       0       0       0       0       0       0       0       0       0       0       0       0       0       0
Total ram usage:        2 bytes
 Hardware stack levels used:    1
 Hardware stack levels required when called:    1
 This function calls:
		Nothing
 This function is called by:
		_lcdInst
		_putch
 This function uses a non-reentrant model


 *************** function _keypressed *****************
 Defined at:
		line 479 in file "main.c"
 Parameters:    Size  Location     Type
		None
 Auto vars:     Size  Location     Type
  keypress        1   14[COMRAM] unsigned char 
 Return value:  Size  Location     Type
                  1    wreg      void 
 Registers used:
		wreg, status,2, status,0
 Tracked objects:
		On entry : 
		On exit  : 
		Unchanged: 
 Data sizes:     COMRAM   BANK0   BANK1   BANK2   BANK3   BANK4   BANK5   BANK6   BANK7   BANK8   BANK9  BANK10  BANK11  BANK12  BANK13  BANK14  BANK15
      Params:         0       0       0       0       0       0       0       0       0       0       0       0       0       0       0       0       0
      Locals:         1       0       0       0       0       0       0       0       0       0       0       0       0       0       0       0       0
      Temps:         14       0       0       0       0       0       0       0       0       0       0       0       0       0       0       0       0
      Totals:        15       0       0       0       0       0       0       0       0       0       0       0       0       0       0       0       0
Total ram usage:       15 bytes
 Hardware stack levels used:    1
 This function calls:
		Nothing
 This function is called by:
		Interrupt level 2
 This function uses a non-reentrant model



MODULE INFORMATION

Module		Function		Class		Link	Load	Size
C:\Program Files (x86)\Microchip\xc8\v1.40\sources\common\doprnt.c
		_printf        		CODE           	0560	0000	781

C:\Program Files (x86)\Microchip\xc8\v1.40\sources\common\doprnt.c estimated size: 781

sensors.c
		_readSnTop     		CODE           	1674	0000	25
		_readAlTop     		CODE           	16BC	0000	25
		_readSnSensor  		CODE           	168C	0000	25
		_readSnBot     		CODE           	16A4	0000	25
		_readAlBot     		CODE           	16D4	0000	25

sensors.c estimated size: 125

I2C.c
		_I2C_Master_Read		CODE           	15C8	0000	39
		_I2C_Master_Wait		CODE           	1702	0000	19
		_I2C_Master_Init		CODE           	120C	0000	91
		_I2C_Master_Stop		CODE           	1744	0000	9
		_I2C_Master_Write		CODE           	173A	0000	11
		_I2C_Master_Start		CODE           	174C	0000	9

I2C.c estimated size: 178

eeprom.c
		_eeprom_WriteByte		CODE           	15EE	0000	39
		_eeprom_GetLog 		CODE           	11AC	0000	97
		_eeprom_LogResult		CODE           	135C	0000	77
		_eeprom_initialize		CODE           	1658	0000	29
		_eeprom_ReadByte		CODE           	16EC	0000	23
		_newestAddress 		CODE           	1714	0000	15

eeprom.c estimated size: 280

C:\Program Files (x86)\Microchip\xc8\v1.40\sources\common\Umul16.c
		___wmul        		CODE           	1614	0000	39

C:\Program Files (x86)\Microchip\xc8\v1.40\sources\common\Umul16.c estimated size: 39

C:\Program Files (x86)\Microchip\xc8\v1.40\sources\common\lwmod.c
		___lwmod       		CODE           	14C6	0000	67

C:\Program Files (x86)\Microchip\xc8\v1.40\sources\common\lwmod.c estimated size: 67

C:\Program Files (x86)\Microchip\xc8\v1.40\sources\common\isdigit.c
		_isdigit       		CODE           	163A	0000	31

C:\Program Files (x86)\Microchip\xc8\v1.40\sources\common\isdigit.c estimated size: 31

shared
		_dpowers       		MEDIUMCONST    	FEF8	0000	11
		_keys          		MEDIUMCONST    	FEE7	0000	18
		__initialization		CODE           	15A2	0000	25
		_hexpowers     		MEDIUMCONST    	FF02	0000	9
		_statictime    		MEDIUMCONST    	FF0A	0000	8

shared estimated size: 71

lcd.c
		_putch         		CODE           	1722	0000	13
		_lcdInst       		CODE           	172E	0000	13
		_lcdNibble     		CODE           	1266	0000	87
		_initLCD       		CODE           	1480	0000	71

lcd.c estimated size: 184

servos.c
		_servoRotate0  		CODE           	0D60	0000	199
		_servoRotate90 		CODE           	0C9A	0000	199
		_servoRotate90n		CODE           	0E26	0000	195
		_dispenseAlCan 		CODE           	1572	0000	49
		_dispenseSnCan 		CODE           	1542	0000	49
		_servoRotateArm		CODE           	1142	0000	107

servos.c estimated size: 798

C:\Program Files (x86)\Microchip\xc8\v1.40\sources\common\lwdiv.c
		___lwdiv       		CODE           	12BC	0000	83

C:\Program Files (x86)\Microchip\xc8\v1.40\sources\common\lwdiv.c estimated size: 83

main.c
		_fixLCD        		CODE           	086C	0000	435
		_readKey       		CODE           	13F0	0000	73
		_executingState		CODE           	0012	0000	1359
		_mainState     		CODE           	13A8	0000	73
		_main          		CODE           	0F9A	0000	161
		_logState      		CODE           	130E	0000	79
		_update_lcd    		CODE           	0B62	0000	313
		_get_timeDif   		CODE           	0A1E	0000	325
		_debugState    		CODE           	1438	0000	73
		_keypressed    		CODE           	0008	0000	185
		_finishState   		CODE           	1508	0000	59

main.c estimated size: 3135

RTC.c
		_get_time      		CODE           	103A	0000	135

RTC.c estimated size: 135

C:\Program Files (x86)\Microchip\xc8\v1.40\sources\common\lldiv.c
		___lldiv       		CODE           	10C0	0000	131

C:\Program Files (x86)\Microchip\xc8\v1.40\sources\common\lldiv.c estimated size: 131

