Microchip MPLAB XC8 Compiler V1.40 ()

Linker command line:

-W-3 --edf=C:\Program Files (x86)\Microchip\xc8\v1.40\dat\en_msgs.txt -cs \
  -h+dist/default/production\democode.production.sym \
  --cmf=dist/default/production\democode.production.cmf -z -Q18F4620 \
  -oC:\Users\Alex\AppData\Local\Temp\shq4.2 \
  -Mdist/default/production/democode.production.map -E1 -ver=XC8 \
  -ASTACK=0CAh-0f7fh -pstack=STACK -ACODE=00h-0FFFFh -ACONST=00h-0FFFFh \
  -ASMALLCONST=01000h-010FFhx240 -AMEDIUMCONST=01000h-0FFFFh \
  -ACOMRAM=01h-07Fh -AABS1=00h-0F7Fh -ABIGRAM=01h-0F7Fh \
  -ARAM=080h-0FFh,0100h-01FFhx14,0F00h-0F7Fh -ABANK0=080h-0FFh \
  -ABANK1=0100h-01FFh -ABANK2=0200h-02FFh -ABANK3=0300h-03FFh \
  -ABANK4=0400h-04FFh -ABANK5=0500h-05FFh -ABANK6=0600h-06FFh \
  -ABANK7=0700h-07FFh -ABANK8=0800h-08FFh -ABANK9=0900h-09FFh \
  -ABANK10=0A00h-0AFFh -ABANK11=0B00h-0BFFh -ABANK12=0C00h-0CFFh \
  -ABANK13=0D00h-0DFFh -ABANK14=0E00h-0EFFh -ABANK15=0F00h-0F7Fh \
  -ASFR=0F80h-0FFFh -preset_vec=00h,intcode=08h,intcodelo,powerup,init \
  -pramtop=01000h -psmallconst=SMALLCONST -pmediumconst=MEDIUMCONST \
  -pconst=CONST -AFARRAM=00h-00h -ACONFIG=0300000h-030000Dh -pconfig=CONFIG \
  -AIDLOC=0200000h-0200007h -pidloc=IDLOC -AEEDATA=0F00000h-0F003FFh \
  -peeprom_data=EEDATA \
  -prdata=COMRAM,nvrram=COMRAM,nvbit=COMRAM,rbss=COMRAM,rbit=COMRAM \
  -pfarbss=FARRAM,fardata=FARRAM,nvFARRAM=FARRAM \
  -pintsave_regs=BIGRAM,bigbss=BIGRAM,bigdata=BIGRAM -pbss=RAM \
  -pidata=CODE,irdata=CODE,ibigdata=CODE,ifardata=CODE -prparam=COMRAM \
  C:\Users\Alex\AppData\Local\Temp\shq4.obj \
  dist/default/production\democode.production.obj 

Object code version is 3.11

Machine type is 18F4620

Call graph: (short form)




                Name                               Link     Load   Length Selector   Space Scale
C:\Users\Alex\AppData\Local\Temp\shq4.obj
                init                                  E        E        4        4       0
                reset_vec                             0        0        4        0       0
                idloc                            200000   200000        8   200000       0
                config                           300000   300000        E   300000       0
dist/default/production\democode.production.obj
                intcode                               8        8        6        4       0
                temp                                 52       52        1        1       1
                mediumconst                        FEE0     FEE0      120     7F70       0
                intcode_body                       1112     1112       B2        4       0
                text46                             19B0     19B0        6        4       0
                text45                             1870     1870       26        4       0
                text44                             1948     1948       16        4       0
                text43                             1970     1970        E        4       0
                text42                             18B4     18B4       1C        4       0
                text41                             168C     168C       40        4       0
                text40                              F8E      F8E       C4        4       0
                text39                             17F4     17F4       30        4       0
                text38                             1786     1786       3E        4       0
                text37                             17C4     17C4       30        4       0
                text36                             1474     1474       58        4       0
                text35                             184A     184A       26        4       0
                text34                             195E     195E       12        4       0
                text33                             1824     1824       26        4       0
                text32                             19A8     19A8        8        4       0
                text31                             19A0     19A0        8        4       0
                text30                             1996     1996        A        4       0
                text29                             11C4     11C4       86        4       0
                text28                              CB6      CB6      14A        4       0
                text27                             1930     1930       18        4       0
                text26                             1918     1918       18        4       0
                text25                             1900     1900       18        4       0
                text24                             18E8     18E8       18        4       0
                text23                             18D0     18D0       18        4       0
                text22                              ECA      ECA       C4        4       0
                text21                             1748     1748       3E        4       0
                text20                             1052     1052       C0        4       0
                text19                             134E     134E       72        4       0
                text18                             14CC     14CC       56        4       0
                text17                             198A     198A        C        4       0
                text16                             1522     1522       52        4       0
                text15                             164A     164A       42        4       0
                text14                             1896     1896       1E        4       0
                text13                             197E     197E        C        4       0
                text12                              688      688      30C        4       0
                text11                              B46      B46      170        4       0
                text10                               12       12      676        4       0
                text9                              15BC     15BC       48        4       0
                text8                              170A     170A       3E        4       0
                text7                              12CC     12CC       82        4       0
                text6                              141A     141A       5A        4       0
                text5                              1604     1604       46        4       0
                text4                               994      994      1B2        4       0
                text3                              13C0     13C0       5A        4       0
                text2                              124A     124A       82        4       0
                text1                              1574     1574       48        4       0
                text0                               E00      E00       CA        4       0
                cstackCOMRAM                          1        1       40        1       1
                cstackBANK0                          80       80       2E       80       1
                bssBANK0                             AE       AE       1C       80       1
                dataCOMRAM                           50       50        2        1       1
                bssCOMRAM                            41       41        F        1       1
                cinit                              16CC     16CC       3E        4       0
                idataCOMRAM                        19B6     19B6        2        4       0

TOTAL           Name                               Link     Load   Length     Space
        CLASS   STACK          

        CLASS   CODE           
                intcode                               8        8        6         0
                init                                  E        E        4         0
                reset_vec                             0        0        4         0
                intcode_body                       1112     1112       B2         0
                text46                             19B0     19B0        6         0
                text45                             1870     1870       26         0
                text44                             1948     1948       16         0
                text43                             1970     1970        E         0
                text42                             18B4     18B4       1C         0
                text41                             168C     168C       40         0
                text40                              F8E      F8E       C4         0
                text39                             17F4     17F4       30         0
                text38                             1786     1786       3E         0
                text37                             17C4     17C4       30         0
                text36                             1474     1474       58         0
                text35                             184A     184A       26         0
                text34                             195E     195E       12         0
                text33                             1824     1824       26         0
                text32                             19A8     19A8        8         0
                text31                             19A0     19A0        8         0
                text30                             1996     1996        A         0
                text29                             11C4     11C4       86         0
                text28                              CB6      CB6      14A         0
                text27                             1930     1930       18         0
                text26                             1918     1918       18         0
                text25                             1900     1900       18         0
                text24                             18E8     18E8       18         0
                text23                             18D0     18D0       18         0
                text22                              ECA      ECA       C4         0
                text21                             1748     1748       3E         0
                text20                             1052     1052       C0         0
                text19                             134E     134E       72         0
                text18                             14CC     14CC       56         0
                text17                             198A     198A        C         0
                text16                             1522     1522       52         0
                text15                             164A     164A       42         0
                text14                             1896     1896       1E         0
                text13                             197E     197E        C         0
                text12                              688      688      30C         0
                text11                              B46      B46      170         0
                text10                               12       12      676         0
                text9                              15BC     15BC       48         0
                text8                              170A     170A       3E         0
                text7                              12CC     12CC       82         0
                text6                              141A     141A       5A         0
                text5                              1604     1604       46         0
                text4                               994      994      1B2         0
                text3                              13C0     13C0       5A         0
                text2                              124A     124A       82         0
                text1                              1574     1574       48         0
                text0                               E00      E00       CA         0
                cinit                              16CC     16CC       3E         0
                idataCOMRAM                        19B6     19B6        2         0

        CLASS   CONST          

        CLASS   SMALLCONST     

        CLASS   MEDIUMCONST    
                mediumconst                        FEE0     FEE0      120         0

        CLASS   COMRAM         
                temp                                 52       52        1         1
                cstackCOMRAM                          1        1       40         1
                dataCOMRAM                           50       50        2         1
                bssCOMRAM                            41       41        F         1

        CLASS   ABS1           

        CLASS   BIGRAM         

        CLASS   RAM            

        CLASS   BANK0          
                cstackBANK0                          80       80       2E         1
                bssBANK0                             AE       AE       1C         1

        CLASS   BANK1          

        CLASS   BANK2          

        CLASS   BANK3          

        CLASS   BANK4          

        CLASS   BANK5          

        CLASS   BANK6          

        CLASS   BANK7          

        CLASS   BANK8          

        CLASS   BANK9          

        CLASS   BANK10         

        CLASS   BANK11         

        CLASS   BANK12         

        CLASS   BANK13         

        CLASS   BANK14         

        CLASS   BANK15         

        CLASS   SFR            

        CLASS   FARRAM         

        CLASS   CONFIG         
                config                           300000   300000        E         0

        CLASS   IDLOC          
                idloc                            200000   200000        8         0

        CLASS   EEDATA         



SEGMENTS        Name                           Load    Length   Top    Selector   Space  Class

                reset_vec                      000000  000004  000004         0       0  CODE    
                cstackCOMRAM                   000001  000052  000053         1       1  COMRAM  
                intcode                        000008  0019B0  0019B8         4       0  CODE    
                cstackBANK0                    000080  00004A  0000CA        80       1  BANK0   
                mediumconst                    00FEE0  000120  010000      7F70       0  MEDIUMCO
                idloc                          200000  000008  200008    200000       0  IDLOC   
                config                         300000  00000E  30000E    300000       0  CONFIG  


UNUSED ADDRESS RANGES

        Name                Unused          Largest block    Delta
        BANK0            0000CA-0000FF               36
        BANK1            000100-0001FF              100
        BANK10           000A00-000AFF              100
        BANK11           000B00-000BFF              100
        BANK12           000C00-000CFF              100
        BANK13           000D00-000DFF              100
        BANK14           000E00-000EFF              100
        BANK15           000F00-000F7F               80
        BANK2            000200-0002FF              100
        BANK3            000300-0003FF              100
        BANK4            000400-0004FF              100
        BANK5            000500-0005FF              100
        BANK6            000600-0006FF              100
        BANK7            000700-0007FF              100
        BANK8            000800-0008FF              100
        BANK9            000900-0009FF              100
        BIGRAM           000053-00007F               2D
                         0000CA-000F7F              EB6
        CODE             000004-000007                4
                         0019B8-00FEDF             E528
        COMRAM           000053-00007F               2D
        CONST            000004-000007                4
                         0019B8-00FEDF             E528
        EEDATA           F00000-F003FF              400
        MEDIUMCONST      0019B8-00FEDF             E528
        RAM              0000CA-000F7F              100
        SFR              000F80-000FFF               80
        SMALLCONST       0019B8-00FEDF              100
        STACK            0000CA-000F7F              EB6

                                  Symbol Table

?___lldiv                   cstackCOMRAM 000010
?___lwdiv                   cstackCOMRAM 000010
?___lwmod                   cstackCOMRAM 000017
?___wmul                    cstackCOMRAM 000010
?_get_timeDif               cstackCOMRAM 000018
?_printf                    cstackCOMRAM 00001C
?_readAlBot                 cstackCOMRAM 000010
?_readAlTop                 cstackCOMRAM 000010
?_readKey                   cstackCOMRAM 000010
?_readSnBot                 cstackCOMRAM 000010
?_readSnSensor              cstackCOMRAM 000010
?_readSnTop                 cstackCOMRAM 000010
?_servoRotateArm            cstackCOMRAM 000010
I2C_Master_Init@c           cstackCOMRAM 00001D
I2C_Master_Read@a           cstackCOMRAM 000011
I2C_Master_Read@temp        cstackCOMRAM 000012
I2C_Master_Write@d          cstackCOMRAM 000011
_ACKDT                      (abs)        007E2D
_ACKEN                      (abs)        007E2C
_ADCON0                     (abs)        000FC2
_ADCON1                     (abs)        000FC1
_CMCON                      (abs)        000FB4
_EEADR                      (abs)        000FA9
_EEADRH                     (abs)        000FAA
_EECON1bits                 (abs)        000FA6
_EECON2                     (abs)        000FA7
_EEDATA                     (abs)        000FA8
_I2C_Master_Init            text6        00141A
_I2C_Master_Read            text33       001824
_I2C_Master_Start           text32       0019A8
_I2C_Master_Stop            text31       0019A0
_I2C_Master_Wait            text34       00195E
_I2C_Master_Write           text30       001996
_INT1IE                     (abs)        007F83
_INT1IF                     (abs)        007F80
_INTCONbits                 (abs)        000FF2
_LATA                       (abs)        000F89
_LATAbits                   (abs)        000F89
_LATB                       (abs)        000F8A
_LATBbits                   (abs)        000F8A
_LATC                       (abs)        000F8B
_LATCbits                   (abs)        000F8B
_LATD                       (abs)        000F8C
_LATDbits                   (abs)        000F8C
_LATE                       (abs)        000F8D
_LATEbits                   (abs)        000F8D
_OSCCON                     (abs)        000FD3
_PEN                        (abs)        007E2A
_PIR2bits                   (abs)        000FA1
_PORTAbits                  (abs)        000F80
_PORTB                      (abs)        000F81
_PORTBbits                  (abs)        000F81
_PORTCbits                  (abs)        000F82
_RCEN                       (abs)        007E2B
_RSEN                       (abs)        007E29
_SEN                        (abs)        007E28
_SSPADD                     (abs)        000FC8
_SSPBUF                     (abs)        000FC9
_SSPCON1                    (abs)        000FC6
_SSPCON2                    (abs)        000FC5
_SSPSTAT                    (abs)        000FC7
_TRISA                      (abs)        000F92
_TRISB                      (abs)        000F93
_TRISC                      (abs)        000F94
_TRISC3                     (abs)        007CA3
_TRISC4                     (abs)        007CA4
_TRISD                      (abs)        000F95
_TRISE                      (abs)        000F96
__CFG_BOREN$SBORDIS         (abs)        000000
__CFG_BORV$3                (abs)        000000
__CFG_CCP2MX$PORTC          (abs)        000000
__CFG_CP0$OFF               (abs)        000000
__CFG_CP1$OFF               (abs)        000000
__CFG_CP2$OFF               (abs)        000000
__CFG_CP3$OFF               (abs)        000000
__CFG_CPB$OFF               (abs)        000000
__CFG_CPD$OFF               (abs)        000000
__CFG_EBTR0$OFF             (abs)        000000
__CFG_EBTR1$OFF             (abs)        000000
__CFG_EBTR2$OFF             (abs)        000000
__CFG_EBTR3$OFF             (abs)        000000
__CFG_EBTRB$OFF             (abs)        000000
__CFG_FCMEN$OFF             (abs)        000000
__CFG_IESO$OFF              (abs)        000000
__CFG_LPT1OSC$OFF           (abs)        000000
__CFG_LVP$OFF               (abs)        000000
__CFG_MCLRE$ON              (abs)        000000
__CFG_OSC$HS                (abs)        000000
__CFG_PBADEN$ON             (abs)        000000
__CFG_PWRT$OFF              (abs)        000000
__CFG_STVREN$ON             (abs)        000000
__CFG_WDT$OFF               (abs)        000000
__CFG_WDTPS$32768           (abs)        000000
__CFG_WRT0$OFF              (abs)        000000
__CFG_WRT1$OFF              (abs)        000000
__CFG_WRT2$OFF              (abs)        000000
__CFG_WRT3$OFF              (abs)        000000
__CFG_WRTB$OFF              (abs)        000000
__CFG_WRTC$OFF              (abs)        000000
__CFG_WRTD$OFF              (abs)        000000
__CFG_XINST$OFF             (abs)        000000
__HRAM                      (abs)        000000
__Habs1                     abs1         000000
__Hbank0                    bank0        000000
__Hbank1                    bank1        000000
__Hbank10                   bank10       000000
__Hbank11                   bank11       000000
__Hbank12                   bank12       000000
__Hbank13                   bank13       000000
__Hbank14                   bank14       000000
__Hbank15                   bank15       000000
__Hbank2                    bank2        000000
__Hbank3                    bank3        000000
__Hbank4                    bank4        000000
__Hbank5                    bank5        000000
__Hbank6                    bank6        000000
__Hbank7                    bank7        000000
__Hbank8                    bank8        000000
__Hbank9                    bank9        000000
__Hbigbss                   bigbss       000000
__Hbigdata                  bigdata      000000
__Hbigram                   bigram       000000
__Hbss                      bss          000000
__HbssBANK0                 bssBANK0     000000
__HbssCOMRAM                bssCOMRAM    000000
__Hcinit                    cinit        000000
__Hclrtext                  clrtext      000000
__Hcomram                   comram       000000
__Hconfig                   config       30000E
__Hconst                    const        000000
__HcstackBANK0              cstackBANK0  000000
__HcstackCOMRAM             cstackCOMRAM 000000
__Hdata                     data         000000
__HdataCOMRAM               dataCOMRAM   000000
__Heeprom_data              eeprom_data  000000
__Hfarbss                   farbss       000000
__Hfardata                  fardata      000000
__Hibigdata                 ibigdata     000000
__Hidata                    idata        000000
__HidataCOMRAM              idataCOMRAM  000000
__Hidloc                    idloc        200008
__Hifardata                 ifardata     000000
__Hinit                     init         000012
__Hintcode                  intcode      00000E
__Hintcode_body             intcode_body 000000
__Hintcodelo                intcodelo    00000E
__Hintentry                 intentry     000000
__Hintret                   intret       000000
__Hintsave_regs             intsave_regs 000000
__Hirdata                   irdata       000000
__Hmediumconst              mediumconst  010000
__HnvFARRAM                 nvFARRAM     000000
__Hnvbit                    nvbit        000000
__Hnvrram                   nvrram       000000
__Hparam                    rparam       000000
__Hpowerup                  powerup      00000E
__Hram                      ram          000000
__Hramtop                   ramtop       001000
__Hrbit                     rbit         000000
__Hrbss                     rbss         000000
__Hrdata                    rdata        000000
__Hreset_vec                reset_vec    000004
__Hrparam                   rparam       000000
__Hsfr                      sfr          000000
__Hsmallconst               smallconst   000000
__Hspace_0                  (abs)        30000E
__Hspace_1                  (abs)        0000CA
__Hspace_2                  (abs)        000000
__Hstack                    stack        000000
__Hstruct                   struct       000000
__Htemp                     temp         000053
__Htext                     text         000000
__Htext0                    text0        000000
__Htext1                    text1        000000
__Htext10                   text10       000000
__Htext11                   text11       000000
__Htext12                   text12       000000
__Htext13                   text13       000000
__Htext14                   text14       000000
__Htext15                   text15       000000
__Htext16                   text16       000000
__Htext17                   text17       000000
__Htext18                   text18       000000
__Htext19                   text19       000000
__Htext2                    text2        000000
__Htext20                   text20       000000
__Htext21                   text21       000000
__Htext22                   text22       000000
__Htext23                   text23       000000
__Htext24                   text24       000000
__Htext25                   text25       000000
__Htext26                   text26       000000
__Htext27                   text27       000000
__Htext28                   text28       000000
__Htext29                   text29       000000
__Htext3                    text3        000000
__Htext30                   text30       000000
__Htext31                   text31       000000
__Htext32                   text32       000000
__Htext33                   text33       000000
__Htext34                   text34       000000
__Htext35                   text35       000000
__Htext36                   text36       000000
__Htext37                   text37       000000
__Htext38                   text38       000000
__Htext39                   text39       000000
__Htext4                    text4        000000
__Htext40                   text40       000000
__Htext41                   text41       000000
__Htext42                   text42       000000
__Htext43                   text43       000000
__Htext44                   text44       000000
__Htext45                   text45       000000
__Htext46                   text46       000000
__Htext5                    text5        000000
__Htext6                    text6        000000
__Htext7                    text7        000000
__Htext8                    text8        000000
__Htext9                    text9        000000
__LRAM                      (abs)        000001
__Labs1                     abs1         000000
__Lbank0                    bank0        000000
__Lbank1                    bank1        000000
__Lbank10                   bank10       000000
__Lbank11                   bank11       000000
__Lbank12                   bank12       000000
__Lbank13                   bank13       000000
__Lbank14                   bank14       000000
__Lbank15                   bank15       000000
__Lbank2                    bank2        000000
__Lbank3                    bank3        000000
__Lbank4                    bank4        000000
__Lbank5                    bank5        000000
__Lbank6                    bank6        000000
__Lbank7                    bank7        000000
__Lbank8                    bank8        000000
__Lbank9                    bank9        000000
__Lbigbss                   bigbss       000000
__Lbigdata                  bigdata      000000
__Lbigram                   bigram       000000
__Lbss                      bss          000000
__LbssBANK0                 bssBANK0     000000
__LbssCOMRAM                bssCOMRAM    000000
__Lcinit                    cinit        000000
__Lclrtext                  clrtext      000000
__Lcomram                   comram       000000
__Lconfig                   config       300000
__Lconst                    const        000000
__LcstackBANK0              cstackBANK0  000000
__LcstackCOMRAM             cstackCOMRAM 000000
__Ldata                     data         000000
__LdataCOMRAM               dataCOMRAM   000000
__Leeprom_data              eeprom_data  000000
__Lfarbss                   farbss       000000
__Lfardata                  fardata      000000
__Libigdata                 ibigdata     000000
__Lidata                    idata        000000
__LidataCOMRAM              idataCOMRAM  000000
__Lidloc                    idloc        200000
__Lifardata                 ifardata     000000
__Linit                     init         00000E
__Lintcode                  intcode      000008
__Lintcode_body             intcode_body 000000
__Lintcodelo                intcodelo    00000E
__Lintentry                 intentry     000000
__Lintret                   intret       000000
__Lintsave_regs             intsave_regs 000000
__Lirdata                   irdata       000000
__Lmediumconst              mediumconst  00FEE0
__LnvFARRAM                 nvFARRAM     000000
__Lnvbit                    nvbit        000000
__Lnvrram                   nvrram       000000
__Lparam                    rparam       000000
__Lpowerup                  powerup      00000E
__Lram                      ram          000000
__Lramtop                   ramtop       001000
__Lrbit                     rbit         000000
__Lrbss                     rbss         000000
__Lrdata                    rdata        000000
__Lreset_vec                reset_vec    000000
__Lrparam                   rparam       000000
__Lsfr                      sfr          000000
__Lsmallconst               smallconst   000000
__Lspace_0                  (abs)        000000
__Lspace_1                  (abs)        000000
__Lspace_2                  (abs)        000000
__Lstack                    stack        000000
__Lstruct                   struct       000000
__Ltemp                     temp         000052
__Ltext                     text         000000
__Ltext0                    text0        000000
__Ltext1                    text1        000000
__Ltext10                   text10       000000
__Ltext11                   text11       000000
__Ltext12                   text12       000000
__Ltext13                   text13       000000
__Ltext14                   text14       000000
__Ltext15                   text15       000000
__Ltext16                   text16       000000
__Ltext17                   text17       000000
__Ltext18                   text18       000000
__Ltext19                   text19       000000
__Ltext2                    text2        000000
__Ltext20                   text20       000000
__Ltext21                   text21       000000
__Ltext22                   text22       000000
__Ltext23                   text23       000000
__Ltext24                   text24       000000
__Ltext25                   text25       000000
__Ltext26                   text26       000000
__Ltext27                   text27       000000
__Ltext28                   text28       000000
__Ltext29                   text29       000000
__Ltext3                    text3        000000
__Ltext30                   text30       000000
__Ltext31                   text31       000000
__Ltext32                   text32       000000
__Ltext33                   text33       000000
__Ltext34                   text34       000000
__Ltext35                   text35       000000
__Ltext36                   text36       000000
__Ltext37                   text37       000000
__Ltext38                   text38       000000
__Ltext39                   text39       000000
__Ltext4                    text4        000000
__Ltext40                   text40       000000
__Ltext41                   text41       000000
__Ltext42                   text42       000000
__Ltext43                   text43       000000
__Ltext44                   text44       000000
__Ltext45                   text45       000000
__Ltext46                   text46       000000
__Ltext5                    text5        000000
__Ltext6                    text6        000000
__Ltext7                    text7        000000
__Ltext8                    text8        000000
__Ltext9                    text9        000000
__S0                        (abs)        30000E
__S1                        (abs)        0000CA
__S2                        (abs)        000000
___inthi_sp                 stack        000000
___intlo_sp                 stack        000000
___lldiv                    text7        0012CC
___lldiv@counter            cstackCOMRAM 00001C
___lldiv@dividend           cstackCOMRAM 000010
___lldiv@divisor            cstackCOMRAM 000014
___lldiv@quotient           cstackCOMRAM 000018
___lwdiv                    text16       001522
___lwdiv@counter            cstackCOMRAM 000014
___lwdiv@dividend           cstackCOMRAM 000010
___lwdiv@divisor            cstackCOMRAM 000012
___lwdiv@quotient           cstackCOMRAM 000015
___lwmod                    text15       00164A
___lwmod@counter            cstackCOMRAM 00001B
___lwmod@dividend           cstackCOMRAM 000017
___lwmod@divisor            cstackCOMRAM 000019
___param_bank               (abs)        000000
___rparam_used              (abs)        000001
___sp                       stack        000000
___wmul                     text35       00184A
___wmul@multiplicand        cstackCOMRAM 000012
___wmul@multiplier          cstackCOMRAM 000010
___wmul@product             cstackCOMRAM 000014
__accesstop                 (abs)        000080
__activetblptr              (abs)        000002
__end_of_I2C_Master_Init    text6        001474
__end_of_I2C_Master_Read    text33       00184A
__end_of_I2C_Master_Start   text32       0019B0
__end_of_I2C_Master_Stop    text31       0019A8
__end_of_I2C_Master_Wait    text34       001970
__end_of_I2C_Master_Write   text30       0019A0
__end_of___lldiv            text7        00134E
__end_of___lwdiv            text16       001574
__end_of___lwmod            text15       00168C
__end_of___wmul             text35       001870
__end_of__initialization    cinit        0016FC
__end_of_debugState         text46       0019B6
__end_of_dispenseAlCan      text39       001824
__end_of_dispenseSnCan      text37       0017F4
__end_of_dpowers            mediumconst  00FEFC
__end_of_eeprom_GetLog      text3        00141A
__end_of_eeprom_LogResult   text36       0014CC
__end_of_eeprom_ReadByte    text44       00195E
__end_of_eeprom_WriteByte   text45       001896
__end_of_eeprom_initialize  text42       0018D0
__end_of_executingState     text10       000688
__end_of_finishState        text8        001748
__end_of_fixLCD             text4        000B46
__end_of_get_time           text29       00124A
__end_of_get_timeDif        text28       000E00
__end_of_hexpowers          mediumconst  00FF04
__end_of_initLCD            text5        00164A
__end_of_isdigit            text14       0018B4
__end_of_keypressed         intcode_body 0011C4
__end_of_keys               mediumconst  00FEF2
__end_of_lcdInst            text17       001996
__end_of_lcdNibble          text18       001522
__end_of_logState           text2        0012CC
__end_of_main               text0        000ECA
__end_of_mainState          text1        0015BC
__end_of_newestAddress      text43       00197E
__end_of_printf             text12       000994
__end_of_putch              text13       00198A
__end_of_readAlBot          text27       001948
__end_of_readAlTop          text26       001930
__end_of_readKey            text9        001604
__end_of_readSnBot          text25       001918
__end_of_readSnSensor       text24       001900
__end_of_readSnTop          text23       0018E8
__end_of_servoRotate0       text22       000F8E
__end_of_servoRotate1       text38       0017C4
__end_of_servoRotate2       text41       0016CC
__end_of_servoRotate4       text21       001786
__end_of_servoRotate90      text40       001052
__end_of_servoRotate90n     text20       001112
__end_of_servoRotateArm     text19       0013C0
__end_of_statictime         mediumconst  00FF0B
__end_of_update_lcd         text11       000CB6
__initialization            cinit        0016CC
__mediumconst               mediumconst  00FEE0
__pbssBANK0                 bssBANK0     0000AE
__pbssCOMRAM                bssCOMRAM    000041
__pcinit                    cinit        0016CC
__pcstackBANK0              cstackBANK0  000080
__pcstackCOMRAM             cstackCOMRAM 000001
__pdataCOMRAM               dataCOMRAM   000050
__pidataCOMRAM              idataCOMRAM  0019B6
__pintcode                  intcode      000008
__pintcode_body             intcode_body 001112
__pmediumconst              mediumconst  00FEE0
__ptext0                    text0        000E00
__ptext1                    text1        001574
__ptext10                   text10       000012
__ptext11                   text11       000B46
__ptext12                   text12       000688
__ptext13                   text13       00197E
__ptext14                   text14       001896
__ptext15                   text15       00164A
__ptext16                   text16       001522
__ptext17                   text17       00198A
__ptext18                   text18       0014CC
__ptext19                   text19       00134E
__ptext2                    text2        00124A
__ptext20                   text20       001052
__ptext21                   text21       001748
__ptext22                   text22       000ECA
__ptext23                   text23       0018D0
__ptext24                   text24       0018E8
__ptext25                   text25       001900
__ptext26                   text26       001918
__ptext27                   text27       001930
__ptext28                   text28       000CB6
__ptext29                   text29       0011C4
__ptext3                    text3        0013C0
__ptext30                   text30       001996
__ptext31                   text31       0019A0
__ptext32                   text32       0019A8
__ptext33                   text33       001824
__ptext34                   text34       00195E
__ptext35                   text35       00184A
__ptext36                   text36       001474
__ptext37                   text37       0017C4
__ptext38                   text38       001786
__ptext39                   text39       0017F4
__ptext4                    text4        000994
__ptext40                   text40       000F8E
__ptext41                   text41       00168C
__ptext42                   text42       0018B4
__ptext43                   text43       001970
__ptext44                   text44       001948
__ptext45                   text45       001870
__ptext46                   text46       0019B0
__ptext5                    text5        001604
__ptext6                    text6        00141A
__ptext7                    text7        0012CC
__ptext8                    text8        00170A
__ptext9                    text9        0015BC
__ramtop                    ramtop       001000
__size_of_I2C_Master_Init   (abs)        000000
__size_of_I2C_Master_Read   (abs)        000000
__size_of_I2C_Master_Start  (abs)        000000
__size_of_I2C_Master_Stop   (abs)        000000
__size_of_I2C_Master_Wait   (abs)        000000
__size_of_I2C_Master_Write  (abs)        000000
__size_of___lldiv           (abs)        000000
__size_of___lwdiv           (abs)        000000
__size_of___lwmod           (abs)        000000
__size_of___wmul            (abs)        000000
__size_of_debugState        (abs)        000000
__size_of_dispenseAlCan     (abs)        000000
__size_of_dispenseSnCan     (abs)        000000
__size_of_eeprom_GetLog     (abs)        000000
__size_of_eeprom_LogResult  (abs)        000000
__size_of_eeprom_ReadByte   (abs)        000000
__size_of_eeprom_WriteByte  (abs)        000000
__size_of_eeprom_initialize (abs)        000000
__size_of_executingState    (abs)        000000
__size_of_finishState       (abs)        000000
__size_of_fixLCD            (abs)        000000
__size_of_get_time          (abs)        000000
__size_of_get_timeDif       (abs)        000000
__size_of_initLCD           (abs)        000000
__size_of_isdigit           (abs)        000000
__size_of_keypressed        (abs)        000000
__size_of_lcdInst           (abs)        000000
__size_of_lcdNibble         (abs)        000000
__size_of_logState          (abs)        000000
__size_of_main              (abs)        000000
__size_of_mainState         (abs)        000000
__size_of_newestAddress     (abs)        000000
__size_of_printf            (abs)        000000
__size_of_putch             (abs)        000000
__size_of_readAlBot         (abs)        000000
__size_of_readAlTop         (abs)        000000
__size_of_readKey           (abs)        000000
__size_of_readSnBot         (abs)        000000
__size_of_readSnSensor      (abs)        000000
__size_of_readSnTop         (abs)        000000
__size_of_servoRotate0      (abs)        000000
__size_of_servoRotate1      (abs)        000000
__size_of_servoRotate2      (abs)        000000
__size_of_servoRotate4      (abs)        000000
__size_of_servoRotate90     (abs)        000000
__size_of_servoRotate90n    (abs)        000000
__size_of_servoRotateArm    (abs)        000000
__size_of_update_lcd        (abs)        000000
__smallconst                smallconst   000000
_alNoTab                    bssCOMRAM    000041
_alTab                      bssCOMRAM    000043
_debugState                 text46       0019B0
_dispenseAlCan              text39       0017F4
_dispenseSnCan              text37       0017C4
_dpowers                    mediumconst  00FEF2
_eeprom_GetLog              text3        0013C0
_eeprom_LogResult           text36       001474
_eeprom_ReadByte            text44       001948
_eeprom_WriteByte           text45       001870
_eeprom_initialize          text42       0018B4
_executingState             text10       000012
_executingState$1740        cstackBANK0  000090
_executingState$1741        cstackBANK0  000092
_finishState                text8        00170A
_fixLCD                     text4        000994
_get_time                   text29       0011C4
_get_timeDif                text28       000CB6
_get_timeDif$1738           cstackCOMRAM 00002B
_get_timeDif$1739           cstackCOMRAM 00002D
_hexpowers                  mediumconst  00FEFC
_initLCD                    text5        001604
_isdigit                    text14       001896
_isdigit$1353               cstackCOMRAM 000011
_keypressed                 intcode      000008
_keys                       mediumconst  00FEE1
_lcdInst                    text17       00198A
_lcdNibble                  text18       0014CC
_logState                   text2        00124A
_logdata                    bssCOMRAM    00004C
_loopcount                  dataCOMRAM   000050
_main                       text0        000E00
_mainState                  text1        001574
_newestAddress              text43       001970
_printf                     text12       000688
_putch                      text13       00197E
_readAlBot                  text27       001930
_readAlTop                  text26       001918
_readKey                    text9        0015BC
_readSnBot                  text25       001900
_readSnSensor               text24       0018E8
_readSnTop                  text23       0018D0
_runResult                  bssCOMRAM    000045
_servoRotate0               text22       000ECA
_servoRotate1               text38       001786
_servoRotate2               text41       00168C
_servoRotate4               text21       001748
_servoRotate90              text40       000F8E
_servoRotate90n             text20       001052
_servoRotateArm             text19       00134E
_snLabel                    bssCOMRAM    000047
_snNoLabel                  bssCOMRAM    000049
_starttime                  bssBANK0     0000AE
_state                      bssCOMRAM    00004B
_statictime                 mediumconst  00FF04
_time                       bssBANK0     0000BC
_update_lcd                 text11       000B46
btemp                       temp         000052
eeprom_GetLog@address       cstackCOMRAM 000016
eeprom_GetLog@back          cstackCOMRAM 000012
eeprom_GetLog@i             cstackCOMRAM 000017
eeprom_GetLog@res           cstackCOMRAM 000014
eeprom_LogResult@address    cstackCOMRAM 000015
eeprom_LogResult@data       cstackCOMRAM 000013
eeprom_LogResult@i          cstackCOMRAM 000016
eeprom_ReadByte@address     cstackCOMRAM 000010
eeprom_WriteByte@address    cstackCOMRAM 000010
eeprom_WriteByte@data       cstackCOMRAM 000012
end_of_initialization       cinit        0016FC
executingState@alInSensor   cstackBANK0  0000A6
executingState@alLoaded     cstackBANK0  0000A2
executingState@count        cstackBANK0  000094
executingState@emptyCount   cstackBANK0  00009E
executingState@h_one        cstackBANK0  000086
executingState@h_ten        cstackBANK0  000084
executingState@hasLabel     cstackBANK0  0000AC
executingState@hasTab       cstackBANK0  0000A8
executingState@i            cstackBANK0  000098
executingState@m_one        cstackBANK0  00008A
executingState@m_ten        cstackBANK0  000088
executingState@res          cstackBANK0  00009A
executingState@runCanAl     cstackBANK0  000082
executingState@runCanSn     cstackBANK0  000080
executingState@s_one        cstackBANK0  00008E
executingState@s_ten        cstackBANK0  00008C
executingState@snInSensor   cstackBANK0  0000A4
executingState@snLoaded     cstackBANK0  0000A0
executingState@start_s      cstackBANK0  000096
executingState@timedif      cstackBANK0  0000AA
finishState@keypress        cstackCOMRAM 000036
fixLCD@i                    cstackCOMRAM 000035
fixLCD@i_599                cstackCOMRAM 000040
fixLCD@j                    cstackCOMRAM 00003E
fixLCD@time                 cstackCOMRAM 000037
get_time@i                  cstackCOMRAM 000017
get_time@time               cstackCOMRAM 000013
get_timeDif@h_one           cstackCOMRAM 00001F
get_timeDif@h_ten           cstackCOMRAM 00001D
get_timeDif@m_one           cstackCOMRAM 000023
get_timeDif@m_ten           cstackCOMRAM 000021
get_timeDif@s_one           cstackCOMRAM 000027
get_timeDif@s_ten           cstackCOMRAM 000025
get_timeDif@start           cstackCOMRAM 000018
get_timeDif@start_s         cstackCOMRAM 000029
int$flags                   temp         000052
int_func                    intcode_body 001112
intlevel0                   text         000000
intlevel1                   text         000000
intlevel2                   text         000000
intlevel3                   text         000000
isdigit@c                   cstackCOMRAM 000012
keypressed@keypress         cstackCOMRAM 00000F
lcdInst@data                cstackCOMRAM 000012
lcdNibble@data              cstackCOMRAM 000011
lcdNibble@temp              cstackCOMRAM 000010
logState@keypress           cstackCOMRAM 000034
logState@log                cstackCOMRAM 000036
mainState@keypress          cstackCOMRAM 000034
printf@ap                   cstackCOMRAM 00002B
printf@c                    cstackCOMRAM 000033
printf@f                    cstackCOMRAM 00001C
printf@flag                 cstackCOMRAM 000030
printf@idx                  cstackCOMRAM 00002A
printf@prec                 cstackCOMRAM 00002D
printf@val                  cstackCOMRAM 00002E
printf@width                cstackCOMRAM 000031
putch@data                  cstackCOMRAM 000012
readKey@i                   cstackCOMRAM 000013
readKey@keypress            cstackCOMRAM 000012
servoRotate0@i              cstackCOMRAM 000014
servoRotate0@servo          cstackCOMRAM 000010
servoRotate1@angle          cstackCOMRAM 000010
servoRotate1@i              cstackCOMRAM 000013
servoRotate2@angle          cstackCOMRAM 000010
servoRotate2@i              cstackCOMRAM 000013
servoRotate4@angle          cstackCOMRAM 000010
servoRotate4@i              cstackCOMRAM 000013
servoRotate90@i             cstackCOMRAM 000014
servoRotate90@servo         cstackCOMRAM 000010
servoRotate90n@i            cstackCOMRAM 000014
servoRotate90n@servo        cstackCOMRAM 000010
servoRotateArm@i_1049       cstackCOMRAM 000015
servoRotateArm@res          cstackCOMRAM 000017
stackhi                     (abs)        000F7F
stacklo                     (abs)        0000CA
start                       init         00000E
start_initialization        cinit        0016CC


FUNCTION INFORMATION:

 *************** function _main *****************
 Defined at:
		line 447 in file "main.c"
 Parameters:    Size  Location     Type
		None
 Auto vars:     Size  Location     Type
		None
 Return value:  Size  Location     Type
                  1    wreg      void 
 Registers used:
		wreg, fsr2l, fsr2h, status,2, status,0, tblptrl, tblptrh, tblptru, prodl, prodh, cstack
 Tracked objects:
		On entry : 
		On exit  : 
		Unchanged: 
 Data sizes:     COMRAM   BANK0   BANK1   BANK2   BANK3   BANK4   BANK5   BANK6   BANK7   BANK8   BANK9  BANK10  BANK11  BANK12  BANK13  BANK14  BANK15
      Params:         0       0       0       0       0       0       0       0       0       0       0       0       0       0       0       0       0
      Locals:         0       0       0       0       0       0       0       0       0       0       0       0       0       0       0       0       0
      Temps:          0       0       0       0       0       0       0       0       0       0       0       0       0       0       0       0       0
      Totals:         0       0       0       0       0       0       0       0       0       0       0       0       0       0       0       0       0
Total ram usage:        0 bytes
 Hardware stack levels required when called:    6
 This function calls:
		_I2C_Master_Init
		_debugState
		_eeprom_initialize
		_executingState
		_finishState
		_fixLCD
		_initLCD
		_lcdInst
		_logState
		_mainState
		_printf
 This function is called by:
		Startup code after reset
 This function uses a non-reentrant model


 *************** function _mainState *****************
 Defined at:
		line 123 in file "main.c"
 Parameters:    Size  Location     Type
		None
 Auto vars:     Size  Location     Type
  keypress        2   51[COMRAM] int 
 Return value:  Size  Location     Type
                  1    wreg      void 
 Registers used:
		wreg, fsr2l, fsr2h, status,2, status,0, tblptrl, tblptrh, tblptru, prodl, prodh, cstack
 Tracked objects:
		On entry : 
		On exit  : 
		Unchanged: 
 Data sizes:     COMRAM   BANK0   BANK1   BANK2   BANK3   BANK4   BANK5   BANK6   BANK7   BANK8   BANK9  BANK10  BANK11  BANK12  BANK13  BANK14  BANK15
      Params:         0       0       0       0       0       0       0       0       0       0       0       0       0       0       0       0       0
      Locals:         2       0       0       0       0       0       0       0       0       0       0       0       0       0       0       0       0
      Temps:          0       0       0       0       0       0       0       0       0       0       0       0       0       0       0       0       0
      Totals:         2       0       0       0       0       0       0       0       0       0       0       0       0       0       0       0       0
Total ram usage:        2 bytes
 Hardware stack levels used:    1
 Hardware stack levels required when called:    5
 This function calls:
		_get_time
		_readKey
		_update_lcd
 This function is called by:
		_main
 This function uses a non-reentrant model


 *************** function _logState *****************
 Defined at:
		line 354 in file "main.c"
 Parameters:    Size  Location     Type
		None
 Auto vars:     Size  Location     Type
  keypress        2   51[COMRAM] int 
  log             2   53[COMRAM] int 
 Return value:  Size  Location     Type
                  1    wreg      void 
 Registers used:
		wreg, fsr2l, fsr2h, status,2, status,0, tblptrl, tblptrh, tblptru, prodl, prodh, cstack
 Tracked objects:
		On entry : 
		On exit  : 
		Unchanged: 
 Data sizes:     COMRAM   BANK0   BANK1   BANK2   BANK3   BANK4   BANK5   BANK6   BANK7   BANK8   BANK9  BANK10  BANK11  BANK12  BANK13  BANK14  BANK15
      Params:         0       0       0       0       0       0       0       0       0       0       0       0       0       0       0       0       0
      Locals:         4       0       0       0       0       0       0       0       0       0       0       0       0       0       0       0       0
      Temps:          0       0       0       0       0       0       0       0       0       0       0       0       0       0       0       0       0
      Totals:         4       0       0       0       0       0       0       0       0       0       0       0       0       0       0       0       0
Total ram usage:        4 bytes
 Hardware stack levels used:    1
 Hardware stack levels required when called:    5
 This function calls:
		_eeprom_GetLog
		_readKey
		_update_lcd
 This function is called by:
		_main
 This function uses a non-reentrant model


 *************** function _eeprom_GetLog *****************
 Defined at:
		line 90 in file "eeprom.c"
 Parameters:    Size  Location     Type
  back            2   17[COMRAM] int 
  res             2   19[COMRAM] PTR unsigned char 
		 -> logdata(4), 
 Auto vars:     Size  Location     Type
  i               2   22[COMRAM] int 
  address         1   21[COMRAM] unsigned char 
 Return value:  Size  Location     Type
                  1    wreg      void 
 Registers used:
		wreg, fsr2l, fsr2h, status,2, status,0, cstack
 Tracked objects:
		On entry : 
		On exit  : 
		Unchanged: 
 Data sizes:     COMRAM   BANK0   BANK1   BANK2   BANK3   BANK4   BANK5   BANK6   BANK7   BANK8   BANK9  BANK10  BANK11  BANK12  BANK13  BANK14  BANK15
      Params:         4       0       0       0       0       0       0       0       0       0       0       0       0       0       0       0       0
      Locals:         3       0       0       0       0       0       0       0       0       0       0       0       0       0       0       0       0
      Temps:          0       0       0       0       0       0       0       0       0       0       0       0       0       0       0       0       0
      Totals:         7       0       0       0       0       0       0       0       0       0       0       0       0       0       0       0       0
Total ram usage:        7 bytes
 Hardware stack levels used:    1
 Hardware stack levels required when called:    3
 This function calls:
		_eeprom_ReadByte
		_newestAddress
 This function is called by:
		_logState
 This function uses a non-reentrant model


 *************** function _fixLCD *****************
 Defined at:
		line 380 in file "main.c"
 Parameters:    Size  Location     Type
		None
 Auto vars:     Size  Location     Type
  i               1   63[COMRAM] unsigned char 
  time            7   54[COMRAM] unsigned char [7]
  j               2   61[COMRAM] int 
  i               2   52[COMRAM] int 
 Return value:  Size  Location     Type
                  1    wreg      void 
 Registers used:
		wreg, fsr2l, fsr2h, status,2, status,0, tblptrl, tblptrh, tblptru, prodl, prodh, cstack
 Tracked objects:
		On entry : 
		On exit  : 
		Unchanged: 
 Data sizes:     COMRAM   BANK0   BANK1   BANK2   BANK3   BANK4   BANK5   BANK6   BANK7   BANK8   BANK9  BANK10  BANK11  BANK12  BANK13  BANK14  BANK15
      Params:         0       0       0       0       0       0       0       0       0       0       0       0       0       0       0       0       0
      Locals:        12       0       0       0       0       0       0       0       0       0       0       0       0       0       0       0       0
      Temps:          1       0       0       0       0       0       0       0       0       0       0       0       0       0       0       0       0
      Totals:        13       0       0       0       0       0       0       0       0       0       0       0       0       0       0       0       0
Total ram usage:       13 bytes
 Hardware stack levels used:    1
 Hardware stack levels required when called:    4
 This function calls:
		_I2C_Master_Init
		_I2C_Master_Read
		_I2C_Master_Start
		_I2C_Master_Stop
		_I2C_Master_Write
		_initLCD
		_lcdInst
		_printf
 This function is called by:
		_main
 This function uses a non-reentrant model


 *************** function _initLCD *****************
 Defined at:
		line 15 in file "lcd.c"
 Parameters:    Size  Location     Type
		None
 Auto vars:     Size  Location     Type
		None
 Return value:  Size  Location     Type
                  1    wreg      void 
 Registers used:
		wreg, status,2, status,0, cstack
 Tracked objects:
		On entry : 
		On exit  : 
		Unchanged: 
 Data sizes:     COMRAM   BANK0   BANK1   BANK2   BANK3   BANK4   BANK5   BANK6   BANK7   BANK8   BANK9  BANK10  BANK11  BANK12  BANK13  BANK14  BANK15
      Params:         0       0       0       0       0       0       0       0       0       0       0       0       0       0       0       0       0
      Locals:         0       0       0       0       0       0       0       0       0       0       0       0       0       0       0       0       0
      Temps:          1       0       0       0       0       0       0       0       0       0       0       0       0       0       0       0       0
      Totals:         1       0       0       0       0       0       0       0       0       0       0       0       0       0       0       0       0
Total ram usage:        1 bytes
 Hardware stack levels used:    1
 Hardware stack levels required when called:    3
 This function calls:
		_lcdInst
 This function is called by:
		_fixLCD
		_main
 This function uses a non-reentrant model


 *************** function _I2C_Master_Init *****************
 Defined at:
		line 13 in file "I2C.c"
 Parameters:    Size  Location     Type
  c               4   28[COMRAM] const unsigned long 
 Auto vars:     Size  Location     Type
		None
 Return value:  Size  Location     Type
                  1    wreg      void 
 Registers used:
		wreg, status,2, status,0, cstack
 Tracked objects:
		On entry : 
		On exit  : 
		Unchanged: 
 Data sizes:     COMRAM   BANK0   BANK1   BANK2   BANK3   BANK4   BANK5   BANK6   BANK7   BANK8   BANK9  BANK10  BANK11  BANK12  BANK13  BANK14  BANK15
      Params:         4       0       0       0       0       0       0       0       0       0       0       0       0       0       0       0       0
      Locals:         0       0       0       0       0       0       0       0       0       0       0       0       0       0       0       0       0
      Temps:          4       0       0       0       0       0       0       0       0       0       0       0       0       0       0       0       0
      Totals:         8       0       0       0       0       0       0       0       0       0       0       0       0       0       0       0       0
Total ram usage:        8 bytes
 Hardware stack levels used:    1
 Hardware stack levels required when called:    2
 This function calls:
		___lldiv
 This function is called by:
		_fixLCD
		_main
 This function uses a non-reentrant model


 *************** function ___lldiv *****************
 Defined at:
		line 8 in file "C:\Program Files (x86)\Microchip\xc8\v1.40\sources\common\lldiv.c"
 Parameters:    Size  Location     Type
  dividend        4   15[COMRAM] unsigned long 
  divisor         4   19[COMRAM] unsigned long 
 Auto vars:     Size  Location     Type
  quotient        4   23[COMRAM] unsigned long 
  counter         1   27[COMRAM] unsigned char 
 Return value:  Size  Location     Type
                  4   15[COMRAM] unsigned long 
 Registers used:
		wreg, status,2, status,0
 Tracked objects:
		On entry : 
		On exit  : 
		Unchanged: 
 Data sizes:     COMRAM   BANK0   BANK1   BANK2   BANK3   BANK4   BANK5   BANK6   BANK7   BANK8   BANK9  BANK10  BANK11  BANK12  BANK13  BANK14  BANK15
      Params:         8       0       0       0       0       0       0       0       0       0       0       0       0       0       0       0       0
      Locals:         5       0       0       0       0       0       0       0       0       0       0       0       0       0       0       0       0
      Temps:          0       0       0       0       0       0       0       0       0       0       0       0       0       0       0       0       0
      Totals:        13       0       0       0       0       0       0       0       0       0       0       0       0       0       0       0       0
Total ram usage:       13 bytes
 Hardware stack levels used:    1
 Hardware stack levels required when called:    1
 This function calls:
		Nothing
 This function is called by:
		_I2C_Master_Init
 This function uses a non-reentrant model


 *************** function _finishState *****************
 Defined at:
		line 338 in file "main.c"
 Parameters:    Size  Location     Type
		None
 Auto vars:     Size  Location     Type
  keypress        2   53[COMRAM] int 
 Return value:  Size  Location     Type
                  1    wreg      void 
 Registers used:
		wreg, fsr2l, fsr2h, status,2, status,0, tblptrl, tblptrh, tblptru, prodl, prodh, cstack
 Tracked objects:
		On entry : 
		On exit  : 
		Unchanged: 
 Data sizes:     COMRAM   BANK0   BANK1   BANK2   BANK3   BANK4   BANK5   BANK6   BANK7   BANK8   BANK9  BANK10  BANK11  BANK12  BANK13  BANK14  BANK15
      Params:         0       0       0       0       0       0       0       0       0       0       0       0       0       0       0       0       0
      Locals:         2       0       0       0       0       0       0       0       0       0       0       0       0       0       0       0       0
      Temps:          2       0       0       0       0       0       0       0       0       0       0       0       0       0       0       0       0
      Totals:         4       0       0       0       0       0       0       0       0       0       0       0       0       0       0       0       0
Total ram usage:        4 bytes
 Hardware stack levels used:    1
 Hardware stack levels required when called:    5
 This function calls:
		_readKey
		_update_lcd
 This function is called by:
		_main
 This function uses a non-reentrant model


 *************** function _readKey *****************
 Defined at:
		line 92 in file "main.c"
 Parameters:    Size  Location     Type
		None
 Auto vars:     Size  Location     Type
  keypress        1   17[COMRAM] unsigned char 
  i               2   18[COMRAM] int 
 Return value:  Size  Location     Type
                  2   15[COMRAM] int 
 Registers used:
		wreg, status,2, status,0
 Tracked objects:
		On entry : 
		On exit  : 
		Unchanged: 
 Data sizes:     COMRAM   BANK0   BANK1   BANK2   BANK3   BANK4   BANK5   BANK6   BANK7   BANK8   BANK9  BANK10  BANK11  BANK12  BANK13  BANK14  BANK15
      Params:         2       0       0       0       0       0       0       0       0       0       0       0       0       0       0       0       0
      Locals:         3       0       0       0       0       0       0       0       0       0       0       0       0       0       0       0       0
      Temps:          0       0       0       0       0       0       0       0       0       0       0       0       0       0       0       0       0
      Totals:         5       0       0       0       0       0       0       0       0       0       0       0       0       0       0       0       0
Total ram usage:        5 bytes
 Hardware stack levels used:    1
 Hardware stack levels required when called:    1
 This function calls:
		Nothing
 This function is called by:
		_mainState
		_finishState
		_logState
 This function uses a non-reentrant model


 *************** function _executingState *****************
 Defined at:
		line 153 in file "main.c"
 Parameters:    Size  Location     Type
		None
 Auto vars:     Size  Location     Type
  i               2   24[BANK0 ] int 
  hasTab          2   40[BANK0 ] int 
  hasLabel        2   44[BANK0 ] int 
  count           2   20[BANK0 ] int 
  res             4   26[BANK0 ] unsigned char [4]
  timedif         2   42[BANK0 ] int 
  alInSensor      2   38[BANK0 ] int 
  snInSensor      2   36[BANK0 ] int 
  alLoaded        2   34[BANK0 ] int 
  snLoaded        2   32[BANK0 ] int 
  emptyCount      2   30[BANK0 ] int 
  start_s         2   22[BANK0 ] int 
  s_one           2   14[BANK0 ] int 
  s_ten           2   12[BANK0 ] int 
  m_one           2   10[BANK0 ] int 
  m_ten           2    8[BANK0 ] int 
  h_one           2    6[BANK0 ] int 
  h_ten           2    4[BANK0 ] int 
  runCanAl        2    2[BANK0 ] int 
  runCanSn        2    0[BANK0 ] int 
 Return value:  Size  Location     Type
                  1    wreg      void 
 Registers used:
		wreg, fsr2l, fsr2h, status,2, status,0, tblptrl, tblptrh, tblptru, prodl, prodh, cstack
 Tracked objects:
		On entry : 
		On exit  : 
		Unchanged: 
 Data sizes:     COMRAM   BANK0   BANK1   BANK2   BANK3   BANK4   BANK5   BANK6   BANK7   BANK8   BANK9  BANK10  BANK11  BANK12  BANK13  BANK14  BANK15
      Params:         0       0       0       0       0       0       0       0       0       0       0       0       0       0       0       0       0
      Locals:         0      46       0       0       0       0       0       0       0       0       0       0       0       0       0       0       0
      Temps:          3       0       0       0       0       0       0       0       0       0       0       0       0       0       0       0       0
      Totals:         3      46       0       0       0       0       0       0       0       0       0       0       0       0       0       0       0
Total ram usage:       49 bytes
 Hardware stack levels used:    1
 Hardware stack levels required when called:    5
 This function calls:
		___wmul
		_dispenseAlCan
		_dispenseSnCan
		_eeprom_LogResult
		_get_time
		_get_timeDif
		_lcdInst
		_printf
		_readAlBot
		_readAlTop
		_readSnBot
		_readSnSensor
		_readSnTop
		_servoRotate0
		_servoRotate1
		_servoRotate2
		_servoRotate4
		_servoRotate90
		_servoRotate90n
		_servoRotateArm
		_update_lcd
 This function is called by:
		_main
 This function uses a non-reentrant model


 *************** function _update_lcd *****************
 Defined at:
		line 44 in file "main.c"
 Parameters:    Size  Location     Type
		None
 Auto vars:     Size  Location     Type
		None
 Return value:  Size  Location     Type
                  1    wreg      void 
 Registers used:
		wreg, fsr2l, fsr2h, status,2, status,0, tblptrl, tblptrh, tblptru, prodl, prodh, cstack
 Tracked objects:
		On entry : 
		On exit  : 
		Unchanged: 
 Data sizes:     COMRAM   BANK0   BANK1   BANK2   BANK3   BANK4   BANK5   BANK6   BANK7   BANK8   BANK9  BANK10  BANK11  BANK12  BANK13  BANK14  BANK15
      Params:         0       0       0       0       0       0       0       0       0       0       0       0       0       0       0       0       0
      Locals:         0       0       0       0       0       0       0       0       0       0       0       0       0       0       0       0       0
      Temps:          0       0       0       0       0       0       0       0       0       0       0       0       0       0       0       0       0
      Totals:         0       0       0       0       0       0       0       0       0       0       0       0       0       0       0       0       0
Total ram usage:        0 bytes
 Hardware stack levels used:    1
 Hardware stack levels required when called:    4
 This function calls:
		_lcdInst
		_printf
 This function is called by:
		_mainState
		_executingState
		_finishState
		_logState
 This function uses a non-reentrant model


 *************** function _printf *****************
 Defined at:
		line 464 in file "C:\Program Files (x86)\Microchip\xc8\v1.40\sources\common\doprnt.c"
 Parameters:    Size  Location     Type
  f               2   27[COMRAM] PTR const unsigned char 
		 -> STR_21(17), STR_20(17), STR_19(15), STR_18(15), 
		 -> STR_17(15), STR_16(15), STR_15(3), STR_14(18), 
		 -> STR_13(17), STR_12(17), STR_11(6), STR_10(17), 
		 -> STR_9(16), STR_8(21), STR_7(21), STR_6(17), 
		 -> STR_5(17), STR_4(21), STR_3(17), STR_2(15), 
		 -> STR_1(16), 
 Auto vars:     Size  Location     Type
  idx             1   41[COMRAM] unsigned char 
  tmpval          4    0        struct .
  cp              3    0        PTR const unsigned char 
  width           2   48[COMRAM] int 
  val             2   45[COMRAM] unsigned int 
  ap              2   42[COMRAM] PTR void [1]
		 -> ?_printf(2), 
  len             2    0        unsigned int 
  c               1   50[COMRAM] char 
  flag            1   47[COMRAM] unsigned char 
  prec            1   44[COMRAM] char 
 Return value:  Size  Location     Type
                  2   27[COMRAM] int 
 Registers used:
		wreg, fsr2l, fsr2h, status,2, status,0, tblptrl, tblptrh, tblptru, prodl, prodh, cstack
 Tracked objects:
		On entry : 
		On exit  : 
		Unchanged: 
 Data sizes:     COMRAM   BANK0   BANK1   BANK2   BANK3   BANK4   BANK5   BANK6   BANK7   BANK8   BANK9  BANK10  BANK11  BANK12  BANK13  BANK14  BANK15
      Params:        10       0       0       0       0       0       0       0       0       0       0       0       0       0       0       0       0
      Locals:        10       0       0       0       0       0       0       0       0       0       0       0       0       0       0       0       0
      Temps:          4       0       0       0       0       0       0       0       0       0       0       0       0       0       0       0       0
      Totals:        24       0       0       0       0       0       0       0       0       0       0       0       0       0       0       0       0
Total ram usage:       24 bytes
 Hardware stack levels used:    1
 Hardware stack levels required when called:    3
 This function calls:
		___lwdiv
		___lwmod
		___wmul
		_isdigit
		_putch
 This function is called by:
		_update_lcd
		_executingState
		_fixLCD
		_main
 This function uses a non-reentrant model


 *************** function _putch *****************
 Defined at:
		line 31 in file "lcd.c"
 Parameters:    Size  Location     Type
  data            1    wreg     unsigned char 
 Auto vars:     Size  Location     Type
  data            1   17[COMRAM] unsigned char 
 Return value:  Size  Location     Type
                  1    wreg      void 
 Registers used:
		wreg, status,2, status,0, cstack
 Tracked objects:
		On entry : 
		On exit  : 
		Unchanged: 
 Data sizes:     COMRAM   BANK0   BANK1   BANK2   BANK3   BANK4   BANK5   BANK6   BANK7   BANK8   BANK9  BANK10  BANK11  BANK12  BANK13  BANK14  BANK15
      Params:         0       0       0       0       0       0       0       0       0       0       0       0       0       0       0       0       0
      Locals:         1       0       0       0       0       0       0       0       0       0       0       0       0       0       0       0       0
      Temps:          0       0       0       0       0       0       0       0       0       0       0       0       0       0       0       0       0
      Totals:         1       0       0       0       0       0       0       0       0       0       0       0       0       0       0       0       0
Total ram usage:        1 bytes
 Hardware stack levels used:    1
 Hardware stack levels required when called:    2
 This function calls:
		_lcdNibble
 This function is called by:
		_printf
 This function uses a non-reentrant model


 *************** function _isdigit *****************
 Defined at:
		line 8 in file "C:\Program Files (x86)\Microchip\xc8\v1.40\sources\common\isdigit.c"
 Parameters:    Size  Location     Type
  c               1    wreg     unsigned char 
 Auto vars:     Size  Location     Type
  c               1   17[COMRAM] unsigned char 
 Return value:  Size  Location     Type
		None               void
 Registers used:
		wreg, status,2, status,0
 Tracked objects:
		On entry : 
		On exit  : 
		Unchanged: 
 Data sizes:     COMRAM   BANK0   BANK1   BANK2   BANK3   BANK4   BANK5   BANK6   BANK7   BANK8   BANK9  BANK10  BANK11  BANK12  BANK13  BANK14  BANK15
      Params:         0       0       0       0       0       0       0       0       0       0       0       0       0       0       0       0       0
      Locals:         2       0       0       0       0       0       0       0       0       0       0       0       0       0       0       0       0
      Temps:          1       0       0       0       0       0       0       0       0       0       0       0       0       0       0       0       0
      Totals:         3       0       0       0       0       0       0       0       0       0       0       0       0       0       0       0       0
Total ram usage:        3 bytes
 Hardware stack levels used:    1
 Hardware stack levels required when called:    1
 This function calls:
		Nothing
 This function is called by:
		_printf
 This function uses a non-reentrant model


 *************** function ___lwmod *****************
 Defined at:
		line 8 in file "C:\Program Files (x86)\Microchip\xc8\v1.40\sources\common\lwmod.c"
 Parameters:    Size  Location     Type
  dividend        2   22[COMRAM] unsigned int 
  divisor         2   24[COMRAM] unsigned int 
 Auto vars:     Size  Location     Type
  counter         1   26[COMRAM] unsigned char 
 Return value:  Size  Location     Type
                  2   22[COMRAM] unsigned int 
 Registers used:
		wreg, status,2, status,0
 Tracked objects:
		On entry : 
		On exit  : 
		Unchanged: 
 Data sizes:     COMRAM   BANK0   BANK1   BANK2   BANK3   BANK4   BANK5   BANK6   BANK7   BANK8   BANK9  BANK10  BANK11  BANK12  BANK13  BANK14  BANK15
      Params:         4       0       0       0       0       0       0       0       0       0       0       0       0       0       0       0       0
      Locals:         1       0       0       0       0       0       0       0       0       0       0       0       0       0       0       0       0
      Temps:          0       0       0       0       0       0       0       0       0       0       0       0       0       0       0       0       0
      Totals:         5       0       0       0       0       0       0       0       0       0       0       0       0       0       0       0       0
Total ram usage:        5 bytes
 Hardware stack levels used:    1
 Hardware stack levels required when called:    1
 This function calls:
		Nothing
 This function is called by:
		_printf
 This function uses a non-reentrant model


 *************** function ___lwdiv *****************
 Defined at:
		line 8 in file "C:\Program Files (x86)\Microchip\xc8\v1.40\sources\common\lwdiv.c"
 Parameters:    Size  Location     Type
  dividend        2   15[COMRAM] unsigned int 
  divisor         2   17[COMRAM] unsigned int 
 Auto vars:     Size  Location     Type
  quotient        2   20[COMRAM] unsigned int 
  counter         1   19[COMRAM] unsigned char 
 Return value:  Size  Location     Type
                  2   15[COMRAM] unsigned int 
 Registers used:
		wreg, status,2, status,0
 Tracked objects:
		On entry : 
		On exit  : 
		Unchanged: 
 Data sizes:     COMRAM   BANK0   BANK1   BANK2   BANK3   BANK4   BANK5   BANK6   BANK7   BANK8   BANK9  BANK10  BANK11  BANK12  BANK13  BANK14  BANK15
      Params:         4       0       0       0       0       0       0       0       0       0       0       0       0       0       0       0       0
      Locals:         3       0       0       0       0       0       0       0       0       0       0       0       0       0       0       0       0
      Temps:          0       0       0       0       0       0       0       0       0       0       0       0       0       0       0       0       0
      Totals:         7       0       0       0       0       0       0       0       0       0       0       0       0       0       0       0       0
Total ram usage:        7 bytes
 Hardware stack levels used:    1
 Hardware stack levels required when called:    1
 This function calls:
		Nothing
 This function is called by:
		_printf
 This function uses a non-reentrant model


 *************** function _lcdInst *****************
 Defined at:
		line 26 in file "lcd.c"
 Parameters:    Size  Location     Type
  data            1    wreg     unsigned char 
 Auto vars:     Size  Location     Type
  data            1   17[COMRAM] unsigned char 
 Return value:  Size  Location     Type
                  1    wreg      void 
 Registers used:
		wreg, status,2, status,0, cstack
 Tracked objects:
		On entry : 
		On exit  : 
		Unchanged: 
 Data sizes:     COMRAM   BANK0   BANK1   BANK2   BANK3   BANK4   BANK5   BANK6   BANK7   BANK8   BANK9  BANK10  BANK11  BANK12  BANK13  BANK14  BANK15
      Params:         0       0       0       0       0       0       0       0       0       0       0       0       0       0       0       0       0
      Locals:         1       0       0       0       0       0       0       0       0       0       0       0       0       0       0       0       0
      Temps:          0       0       0       0       0       0       0       0       0       0       0       0       0       0       0       0       0
      Totals:         1       0       0       0       0       0       0       0       0       0       0       0       0       0       0       0       0
Total ram usage:        1 bytes
 Hardware stack levels used:    1
 Hardware stack levels required when called:    2
 This function calls:
		_lcdNibble
 This function is called by:
		_initLCD
		_update_lcd
		_executingState
		_fixLCD
		_main
 This function uses a non-reentrant model


 *************** function _lcdNibble *****************
 Defined at:
		line 36 in file "lcd.c"
 Parameters:    Size  Location     Type
  data            1    wreg     unsigned char 
 Auto vars:     Size  Location     Type
  data            1   16[COMRAM] unsigned char 
  temp            1   15[COMRAM] unsigned char 
 Return value:  Size  Location     Type
                  1    wreg      void 
 Registers used:
		wreg, status,2, status,0
 Tracked objects:
		On entry : 
		On exit  : 
		Unchanged: 
 Data sizes:     COMRAM   BANK0   BANK1   BANK2   BANK3   BANK4   BANK5   BANK6   BANK7   BANK8   BANK9  BANK10  BANK11  BANK12  BANK13  BANK14  BANK15
      Params:         0       0       0       0       0       0       0       0       0       0       0       0       0       0       0       0       0
      Locals:         2       0       0       0       0       0       0       0       0       0       0       0       0       0       0       0       0
      Temps:          0       0       0       0       0       0       0       0       0       0       0       0       0       0       0       0       0
      Totals:         2       0       0       0       0       0       0       0       0       0       0       0       0       0       0       0       0
Total ram usage:        2 bytes
 Hardware stack levels used:    1
 Hardware stack levels required when called:    1
 This function calls:
		Nothing
 This function is called by:
		_lcdInst
		_putch
 This function uses a non-reentrant model


 *************** function _servoRotateArm *****************
 Defined at:
		line 208 in file "servos.c"
 Parameters:    Size  Location     Type
		None
 Auto vars:     Size  Location     Type
  i               2   20[COMRAM] int 
  res             2   22[COMRAM] int 
  i               2    0        unsigned int 
 Return value:  Size  Location     Type
                  2   15[COMRAM] int 
 Registers used:
		wreg, status,2, status,0
 Tracked objects:
		On entry : 
		On exit  : 
		Unchanged: 
[...]
      Totals:         5       0       0       0       0       0       0       0       0       0       0       0       0       0       0       0       0
Total ram usage:        5 bytes
 Hardware stack levels used:    1
 Hardware stack levels required when called:    3
 This function calls:
		_eeprom_WriteByte
		_newestAddress
 This function is called by:
		_executingState
 This function uses a non-reentrant model


 *************** function _dispenseSnCan *****************
 Defined at:
		line 231 in file "servos.c"
 Parameters:    Size  Location     Type
		None
 Auto vars:     Size  Location     Type
		None
 Return value:  Size  Location     Type
                  1    wreg      void 
 Registers used:
		wreg, status,2, status,0, cstack
 Tracked objects:
		On entry : 
		On exit  : 
		Unchanged: 
 Data sizes:     COMRAM   BANK0   BANK1   BANK2   BANK3   BANK4   BANK5   BANK6   BANK7   BANK8   BANK9  BANK10  BANK11  BANK12  BANK13  BANK14  BANK15
      Params:         0       0       0       0       0       0       0       0       0       0       0       0       0       0       0       0       0
      Locals:         0       0       0       0       0       0       0       0       0       0       0       0       0       0       0       0       0
      Temps:          2       0       0       0       0       0       0       0       0       0       0       0       0       0       0       0       0
      Totals:         2       0       0       0       0       0       0       0       0       0       0       0       0       0       0       0       0
Total ram usage:        2 bytes
 Hardware stack levels used:    1
 Hardware stack levels required when called:    2
 This function calls:
		_servoRotate1
		_servoRotate90
 This function is called by:
		_executingState
 This function uses a non-reentrant model


 *************** function _servoRotate1 *****************
 Defined at:
		line 21 in file "servos.c"
 Parameters:    Size  Location     Type
  angle           2   15[COMRAM] int 
 Auto vars:     Size  Location     Type
  i               2   18[COMRAM] unsigned int 
 Return value:  Size  Location     Type
                  1    wreg      void 
 Registers used:
		wreg, status,2, status,0
 Tracked objects:
		On entry : 
		On exit  : 
		Unchanged: 
 Data sizes:     COMRAM   BANK0   BANK1   BANK2   BANK3   BANK4   BANK5   BANK6   BANK7   BANK8   BANK9  BANK10  BANK11  BANK12  BANK13  BANK14  BANK15
      Params:         2       0       0       0       0       0       0       0       0       0       0       0       0       0       0       0       0
      Locals:         2       0       0       0       0       0       0       0       0       0       0       0       0       0       0       0       0
      Temps:          1       0       0       0       0       0       0       0       0       0       0       0       0       0       0       0       0
      Totals:         5       0       0       0       0       0       0       0       0       0       0       0       0       0       0       0       0
Total ram usage:        5 bytes
 Hardware stack levels used:    1
 Hardware stack levels required when called:    1
 This function calls:
		Nothing
 This function is called by:
		_executingState
		_dispenseSnCan
 This function uses a non-reentrant model


 *************** function _dispenseAlCan *****************
 Defined at:
		line 225 in file "servos.c"
 Parameters:    Size  Location     Type
		None
 Auto vars:     Size  Location     Type
		None
 Return value:  Size  Location     Type
                  1    wreg      void 
 Registers used:
		wreg, status,2, status,0, cstack
 Tracked objects:
		On entry : 
		On exit  : 
		Unchanged: 
 Data sizes:     COMRAM   BANK0   BANK1   BANK2   BANK3   BANK4   BANK5   BANK6   BANK7   BANK8   BANK9  BANK10  BANK11  BANK12  BANK13  BANK14  BANK15
      Params:         0       0       0       0       0       0       0       0       0       0       0       0       0       0       0       0       0
      Locals:         0       0       0       0       0       0       0       0       0       0       0       0       0       0       0       0       0
      Temps:          2       0       0       0       0       0       0       0       0       0       0       0       0       0       0       0       0
      Totals:         2       0       0       0       0       0       0       0       0       0       0       0       0       0       0       0       0
Total ram usage:        2 bytes
 Hardware stack levels used:    1
 Hardware stack levels required when called:    2
 This function calls:
		_servoRotate2
		_servoRotate90
 This function is called by:
		_executingState
 This function uses a non-reentrant model


 *************** function _servoRotate90 *****************
 Defined at:
		line 122 in file "servos.c"
 Parameters:    Size  Location     Type
  servo           2   15[COMRAM] int 
 Auto vars:     Size  Location     Type
  i               2   19[COMRAM] unsigned int 
 Return value:  Size  Location     Type
                  1    wreg      void 
 Registers used:
		wreg, status,2, status,0
 Tracked objects:
		On entry : 
		On exit  : 
		Unchanged: 
 Data sizes:     COMRAM   BANK0   BANK1   BANK2   BANK3   BANK4   BANK5   BANK6   BANK7   BANK8   BANK9  BANK10  BANK11  BANK12  BANK13  BANK14  BANK15
      Params:         2       0       0       0       0       0       0       0       0       0       0       0       0       0       0       0       0
      Locals:         2       0       0       0       0       0       0       0       0       0       0       0       0       0       0       0       0
      Temps:          2       0       0       0       0       0       0       0       0       0       0       0       0       0       0       0       0
      Totals:         6       0       0       0       0       0       0       0       0       0       0       0       0       0       0       0       0
Total ram usage:        6 bytes
 Hardware stack levels used:    1
 Hardware stack levels required when called:    1
 This function calls:
		Nothing
 This function is called by:
		_executingState
		_dispenseAlCan
		_dispenseSnCan
 This function uses a non-reentrant model


 *************** function _servoRotate2 *****************
 Defined at:
		line 32 in file "servos.c"
 Parameters:    Size  Location     Type
  angle           2   15[COMRAM] int 
 Auto vars:     Size  Location     Type
  i               2   18[COMRAM] unsigned int 
 Return value:  Size  Location     Type
                  1    wreg      void 
 Registers used:
		wreg, status,2, status,0
 Tracked objects:
		On entry : 
		On exit  : 
		Unchanged: 
 Data sizes:     COMRAM   BANK0   BANK1   BANK2   BANK3   BANK4   BANK5   BANK6   BANK7   BANK8   BANK9  BANK10  BANK11  BANK12  BANK13  BANK14  BANK15
      Params:         2       0       0       0       0       0       0       0       0       0       0       0       0       0       0       0       0
      Locals:         2       0       0       0       0       0       0       0       0       0       0       0       0       0       0       0       0
      Temps:          1       0       0       0       0       0       0       0       0       0       0       0       0       0       0       0       0
      Totals:         5       0       0       0       0       0       0       0       0       0       0       0       0       0       0       0       0
Total ram usage:        5 bytes
 Hardware stack levels used:    1
 Hardware stack levels required when called:    1
 This function calls:
		Nothing
 This function is called by:
		_executingState
		_dispenseAlCan
 This function uses a non-reentrant model


 *************** function _eeprom_initialize *****************
 Defined at:
		line 73 in file "eeprom.c"
 Parameters:    Size  Location     Type
		None
 Auto vars:     Size  Location     Type
		None
 Return value:  Size  Location     Type
                  1    wreg      void 
 Registers used:
		wreg, status,2, cstack
 Tracked objects:
		On entry : 
		On exit  : 
		Unchanged: 
 Data sizes:     COMRAM   BANK0   BANK1   BANK2   BANK3   BANK4   BANK5   BANK6   BANK7   BANK8   BANK9  BANK10  BANK11  BANK12  BANK13  BANK14  BANK15
      Params:         0       0       0       0       0       0       0       0       0       0       0       0       0       0       0       0       0
      Locals:         0       0       0       0       0       0       0       0       0       0       0       0       0       0       0       0       0
      Temps:          0       0       0       0       0       0       0       0       0       0       0       0       0       0       0       0       0
      Totals:         0       0       0       0       0       0       0       0       0       0       0       0       0       0       0       0       0
Total ram usage:        0 bytes
 Hardware stack levels used:    1
 Hardware stack levels required when called:    3
 This function calls:
		_eeprom_WriteByte
		_newestAddress
 This function is called by:
		_main
 This function uses a non-reentrant model


 *************** function _newestAddress *****************
 Defined at:
		line 69 in file "eeprom.c"
 Parameters:    Size  Location     Type
		None
 Auto vars:     Size  Location     Type
		None
 Return value:  Size  Location     Type
                  1    wreg      unsigned char 
 Registers used:
		wreg, status,2, cstack
 Tracked objects:
		On entry : 
		On exit  : 
		Unchanged: 
 Data sizes:     COMRAM   BANK0   BANK1   BANK2   BANK3   BANK4   BANK5   BANK6   BANK7   BANK8   BANK9  BANK10  BANK11  BANK12  BANK13  BANK14  BANK15
      Params:         0       0       0       0       0       0       0       0       0       0       0       0       0       0       0       0       0
      Locals:         0       0       0       0       0       0       0       0       0       0       0       0       0       0       0       0       0
      Temps:          0       0       0       0       0       0       0       0       0       0       0       0       0       0       0       0       0
      Totals:         0       0       0       0       0       0       0       0       0       0       0       0       0       0       0       0       0
Total ram usage:        0 bytes
 Hardware stack levels used:    1
 Hardware stack levels required when called:    2
 This function calls:
		_eeprom_ReadByte
 This function is called by:
		_eeprom_initialize
		_eeprom_LogResult
		_eeprom_GetLog
 This function uses a non-reentrant model


 *************** function _eeprom_ReadByte *****************
 Defined at:
		line 14 in file "eeprom.c"
 Parameters:    Size  Location     Type
  address         2   15[COMRAM] unsigned int 
 Auto vars:     Size  Location     Type
		None
 Return value:  Size  Location     Type
                  1    wreg      unsigned char 
 Registers used:
		wreg, status,2
 Tracked objects:
		On entry : 
		On exit  : 
		Unchanged: 
 Data sizes:     COMRAM   BANK0   BANK1   BANK2   BANK3   BANK4   BANK5   BANK6   BANK7   BANK8   BANK9  BANK10  BANK11  BANK12  BANK13  BANK14  BANK15
      Params:         2       0       0       0       0       0       0       0       0       0       0       0       0       0       0       0       0
      Locals:         0       0       0       0       0       0       0       0       0       0       0       0       0       0       0       0       0
      Temps:          0       0       0       0       0       0       0       0       0       0       0       0       0       0       0       0       0
      Totals:         2       0       0       0       0       0       0       0       0       0       0       0       0       0       0       0       0
Total ram usage:        2 bytes
 Hardware stack levels used:    1
 Hardware stack levels required when called:    1
 This function calls:
		Nothing
 This function is called by:
		_newestAddress
		_eeprom_GetLog
 This function uses a non-reentrant model


 *************** function _eeprom_WriteByte *****************
 Defined at:
		line 37 in file "eeprom.c"
 Parameters:    Size  Location     Type
  address         2   15[COMRAM] unsigned int 
  data            1   17[COMRAM] unsigned char 
 Auto vars:     Size  Location     Type
		None
 Return value:  Size  Location     Type
                  1    wreg      void 
 Registers used:
		wreg, status,2
 Tracked objects:
		On entry : 
		On exit  : 
		Unchanged: 
 Data sizes:     COMRAM   BANK0   BANK1   BANK2   BANK3   BANK4   BANK5   BANK6   BANK7   BANK8   BANK9  BANK10  BANK11  BANK12  BANK13  BANK14  BANK15
      Params:         3       0       0       0       0       0       0       0       0       0       0       0       0       0       0       0       0
      Locals:         0       0       0       0       0       0       0       0       0       0       0       0       0       0       0       0       0
      Temps:          0       0       0       0       0       0       0       0       0       0       0       0       0       0       0       0       0
      Totals:         3       0       0       0       0       0       0       0       0       0       0       0       0       0       0       0       0
Total ram usage:        3 bytes
 Hardware stack levels used:    1
 Hardware stack levels required when called:    1
 This function calls:
		Nothing
 This function is called by:
		_eeprom_initialize
		_eeprom_LogResult
 This function uses a non-reentrant model


 *************** function _debugState *****************
 Defined at:
		line 376 in file "main.c"
 Parameters:    Size  Location     Type
		None
 Auto vars:     Size  Location     Type
		None
 Return value:  Size  Location     Type
                  1    wreg      void 
 Registers used:
		wreg, status,2
 Tracked objects:
		On entry : 
		On exit  : 
		Unchanged: 
 Data sizes:     COMRAM   BANK0   BANK1   BANK2   BANK3   BANK4   BANK5   BANK6   BANK7   BANK8   BANK9  BANK10  BANK11  BANK12  BANK13  BANK14  BANK15
      Params:         0       0       0       0       0       0       0       0       0       0       0       0       0       0       0       0       0
      Locals:         0       0       0       0       0       0       0       0       0       0       0       0       0       0       0       0       0
      Temps:          0       0       0       0       0       0       0       0       0       0       0       0       0       0       0       0       0
      Totals:         0       0       0       0       0       0       0       0       0       0       0       0       0       0       0       0       0
Total ram usage:        0 bytes
 Hardware stack levels used:    1
 Hardware stack levels required when called:    1
 This function calls:
		Nothing
 This function is called by:
		_main
 This function uses a non-reentrant model


 *************** function _keypressed *****************
 Defined at:
		line 519 in file "main.c"
 Parameters:    Size  Location     Type
		None
 Auto vars:     Size  Location     Type
  keypress        1   14[COMRAM] unsigned char 
 Return value:  Size  Location     Type
                  1    wreg      void 
 Registers used:
		wreg, status,2, status,0
 Tracked objects:
		On entry : 
		On exit  : 
		Unchanged: 
 Data sizes:     COMRAM   BANK0   BANK1   BANK2   BANK3   BANK4   BANK5   BANK6   BANK7   BANK8   BANK9  BANK10  BANK11  BANK12  BANK13  BANK14  BANK15
      Params:         0       0       0       0       0       0       0       0       0       0       0       0       0       0       0       0       0
      Locals:         1       0       0       0       0       0       0       0       0       0       0       0       0       0       0       0       0
      Temps:         14       0       0       0       0       0       0       0       0       0       0       0       0       0       0       0       0
      Totals:        15       0       0       0       0       0       0       0       0       0       0       0       0       0       0       0       0
Total ram usage:       15 bytes
 Hardware stack levels used:    1
 This function calls:
		Nothing
 This function is called by:
		Interrupt level 2
 This function uses a non-reentrant model



MODULE INFORMATION

Module		Function		Class		Link	Load	Size
C:\Program Files (x86)\Microchip\xc8\v1.40\sources\common\doprnt.c
		_printf        		CODE           	0688	0000	781

C:\Program Files (x86)\Microchip\xc8\v1.40\sources\common\doprnt.c estimated size: 781

sensors.c
		_readSnTop     		CODE           	18D0	0000	25
		_readAlTop     		CODE           	1918	0000	25
		_readSnSensor  		CODE           	18E8	0000	25
		_readSnBot     		CODE           	1900	0000	25
		_readAlBot     		CODE           	1930	0000	25

sensors.c estimated size: 125

I2C.c
		_I2C_Master_Read		CODE           	1824	0000	39
		_I2C_Master_Wait		CODE           	195E	0000	19
		_I2C_Master_Init		CODE           	141A	0000	91
		_I2C_Master_Stop		CODE           	19A0	0000	9
		_I2C_Master_Write		CODE           	1996	0000	11
		_I2C_Master_Start		CODE           	19A8	0000	9

I2C.c estimated size: 178

eeprom.c
		_eeprom_WriteByte		CODE           	1870	0000	39
		_eeprom_GetLog 		CODE           	13C0	0000	91
		_eeprom_LogResult		CODE           	1474	0000	89
		_eeprom_initialize		CODE           	18B4	0000	29
		_eeprom_ReadByte		CODE           	1948	0000	23
		_newestAddress 		CODE           	1970	0000	15

eeprom.c estimated size: 286

C:\Program Files (x86)\Microchip\xc8\v1.40\sources\common\Umul16.c
		___wmul        		CODE           	184A	0000	39

C:\Program Files (x86)\Microchip\xc8\v1.40\sources\common\Umul16.c estimated size: 39

C:\Program Files (x86)\Microchip\xc8\v1.40\sources\common\lwmod.c
		___lwmod       		CODE           	164A	0000	67

C:\Program Files (x86)\Microchip\xc8\v1.40\sources\common\lwmod.c estimated size: 67

C:\Program Files (x86)\Microchip\xc8\v1.40\sources\common\isdigit.c
		_isdigit       		CODE           	1896	0000	31

C:\Program Files (x86)\Microchip\xc8\v1.40\sources\common\isdigit.c estimated size: 31

shared
		_dpowers       		MEDIUMCONST    	FEF2	0000	11
		_keys          		MEDIUMCONST    	FEE1	0000	18
		__initialization		CODE           	16CC	0000	49
		_hexpowers     		MEDIUMCONST    	FEFC	0000	9
		_statictime    		MEDIUMCONST    	FF04	0000	8

shared estimated size: 95

lcd.c
		_putch         		CODE           	197E	0000	13
		_lcdInst       		CODE           	198A	0000	13
		_lcdNibble     		CODE           	14CC	0000	87
		_initLCD       		CODE           	1604	0000	71

lcd.c estimated size: 184

servos.c
		_servoRotate0  		CODE           	0ECA	0000	197
		_servoRotate1  		CODE           	1786	0000	63
		_servoRotate2  		CODE           	168C	0000	65
		_servoRotate4  		CODE           	1748	0000	63
		_servoRotate90 		CODE           	0F8E	0000	197
		_servoRotate90n		CODE           	1052	0000	193
		_dispenseAlCan 		CODE           	17F4	0000	49
		_dispenseSnCan 		CODE           	17C4	0000	49
		_servoRotateArm		CODE           	134E	0000	115

servos.c estimated size: 991

C:\Program Files (x86)\Microchip\xc8\v1.40\sources\common\lwdiv.c
		___lwdiv       		CODE           	1522	0000	83

C:\Program Files (x86)\Microchip\xc8\v1.40\sources\common\lwdiv.c estimated size: 83

main.c
		_fixLCD        		CODE           	0994	0000	435
		_readKey       		CODE           	15BC	0000	73
		_executingState		CODE           	0012	0000	1655
		_mainState     		CODE           	1574	0000	73
		_main          		CODE           	0E00	0000	203
		_logState      		CODE           	124A	0000	131
		_update_lcd    		CODE           	0B46	0000	369
		_get_timeDif   		CODE           	0CB6	0000	331
		_debugState    		CODE           	19B0	0000	7
		_keypressed    		CODE           	0008	0000	185
		_finishState   		CODE           	170A	0000	63

main.c estimated size: 3525

RTC.c
		_get_time      		CODE           	11C4	0000	135

RTC.c estimated size: 135

C:\Program Files (x86)\Microchip\xc8\v1.40\sources\common\lldiv.c
		___lldiv       		CODE           	12CC	0000	131

C:\Program Files (x86)\Microchip\xc8\v1.40\sources\common\lldiv.c estimated size: 131

